01:45:05 start e0 9b torch 2.14.0+cu130
W0923 01:45:09.882000 2433 torch/utils/_pytree.py:630] <enum 'KernelPreference'> is an Enum subclass and is now natively supported by torch.compile as an opaque value type. Calling register_constant() on Enum subclasses is deprecated and will be an error in a future release.
W0923 01:45:09.938000 2433 torch/utils/_pytree.py:630] <enum 'ScaleCalculationMode'> is an Enum subclass and is now natively supported by torch.compile as an opaque value type. Calling register_constant() on Enum subclasses is deprecated and will be an error in a future release.

Loading weights:   0%|          | 0/464 [00:00<?, ?it/s]
Loading weights:   0%|          | 1/464 [00:00<03:20,  2.31it/s]
Loading weights:   1%|          | 3/464 [00:00<01:20,  5.69it/s]
Loading weights:   3%|▎         | 15/464 [00:00<00:14, 30.65it/s]
Loading weights:   6%|▌         | 26/464 [00:00<00:09, 44.06it/s]
Loading weights:   8%|▊         | 36/464 [00:01<00:08, 52.01it/s]
Loading weights:   9%|▉         | 43/464 [00:01<00:09, 43.54it/s]
Loading weights:  11%|█         | 49/464 [00:01<00:13, 31.83it/s]
Loading weights:  12%|█▏        | 55/464 [00:01<00:11, 36.47it/s]
Loading weights:  13%|█▎        | 60/464 [00:02<00:16, 24.05it/s]
Loading weights:  14%|█▍        | 66/464 [00:02<00:14, 28.11it/s]
Loading weights:  15%|█▌        | 70/464 [00:02<00:17, 22.45it/s]
Loading weights:  16%|█▌        | 74/464 [00:02<00:16, 23.49it/s]
Loading weights:  17%|█▋        | 78/464 [00:02<00:15, 25.27it/s]
Loading weights:  18%|█▊        | 82/464 [00:03<00:23, 15.98it/s]
Loading weights:  20%|█▉        | 91/464 [00:03<00:17, 21.58it/s]
Loading weights:  20%|██        | 94/464 [00:03<00:19, 19.40it/s]
Loading weights:  22%|██▏       | 103/464 [00:03<00:12, 28.45it/s]
Loading weights:  24%|██▍       | 113/464 [00:04<00:09, 37.29it/s]
Loading weights:  25%|██▌       | 118/464 [00:04<00:10, 32.87it/s]
Loading weights:  27%|██▋       | 124/464 [00:04<00:09, 35.85it/s]
Loading weights:  29%|██▉       | 135/464 [00:04<00:06, 49.86it/s]
Loading weights:  32%|███▏      | 147/464 [00:04<00:05, 62.14it/s]
Loading weights:  34%|███▍      | 159/464 [00:04<00:04, 72.70it/s]
Loading weights:  38%|███▊      | 174/464 [00:04<00:03, 90.62it/s]
Loading weights:  40%|████      | 186/464 [00:04<00:02, 96.96it/s]
Loading weights:  42%|████▏     | 197/464 [00:05<00:03, 80.56it/s]
Loading weights:  45%|████▍     | 207/464 [00:05<00:03, 64.95it/s]
Loading weights:  46%|████▋     | 215/464 [00:05<00:04, 54.67it/s]
Loading weights:  48%|████▊     | 224/464 [00:05<00:04, 59.28it/s]
Loading weights:  50%|█████     | 234/464 [00:05<00:03, 60.31it/s]
Loading weights:  52%|█████▏    | 241/464 [00:06<00:04, 52.83it/s]
Loading weights:  53%|█████▎    | 247/464 [00:06<00:05, 42.03it/s]
Loading weights:  55%|█████▌    | 257/464 [00:06<00:04, 49.99it/s]
Loading weights:  58%|█████▊    | 268/464 [00:06<00:03, 59.65it/s]
Loading weights:  60%|██████    | 280/464 [00:06<00:02, 69.43it/s]
Loading weights:  63%|██████▎   | 291/464 [00:06<00:02, 78.44it/s]
Loading weights:  65%|██████▌   | 302/464 [00:06<00:01, 85.28it/s]
Loading weights:  67%|██████▋   | 313/464 [00:06<00:01, 90.70it/s]
Loading weights:  70%|██████▉   | 324/464 [00:07<00:01, 92.68it/s]
Loading weights:  72%|███████▏  | 335/464 [00:07<00:01, 96.65it/s]
Loading weights:  75%|███████▍  | 346/464 [00:07<00:01, 90.84it/s]
Loading weights:  77%|███████▋  | 356/464 [00:07<00:01, 79.51it/s]
Loading weights:  79%|███████▉  | 366/464 [00:07<00:01, 78.70it/s]
Loading weights:  81%|████████  | 375/464 [00:07<00:01, 77.09it/s]
Loading weights:  83%|████████▎ | 383/464 [00:07<00:01, 73.95it/s]
Loading weights:  84%|████████▍ | 391/464 [00:08<00:01, 68.05it/s]
Loading weights:  86%|████████▋ | 401/464 [00:08<00:00, 70.51it/s]
Loading weights:  89%|████████▉ | 412/464 [00:08<00:00, 75.86it/s]
Loading weights:  91%|█████████ | 422/464 [00:08<00:00, 76.15it/s]
Loading weights:  93%|█████████▎| 433/464 [00:08<00:00, 81.17it/s]
Loading weights:  96%|█████████▌| 444/464 [00:08<00:00, 85.33it/s]
Loading weights:  98%|█████████▊| 455/464 [00:08<00:00, 89.69it/s]
Loading weights: 100%|██████████| 464/464 [00:08<00:00, 52.72it/s]
[transformers] Both `max_new_tokens` (=8) and `max_length`(=8192) seem to have been set. `max_new_tokens` will take precedence. Please refer to the documentation for more information. (https://huggingface.co/docs/transformers/main/en/main_classes/text_generation)
01:45:18 wrote <workspace>/issue_track/gemma2_softcap/results/e0_9b.json
01:45:18 done
