01:17:06 start e1 2b torch 2.14.0+cu130
W0923 01:17:09.524000 1286 torch/utils/_pytree.py:630] <enum 'KernelPreference'> is an Enum subclass and is now natively supported by torch.compile as an opaque value type. Calling register_constant() on Enum subclasses is deprecated and will be an error in a future release.
W0923 01:17:09.551000 1286 torch/utils/_pytree.py:630] <enum 'ScaleCalculationMode'> is an Enum subclass and is now natively supported by torch.compile as an opaque value type. Calling register_constant() on Enum subclasses is deprecated and will be an error in a future release.

Loading weights:   0%|          | 0/288 [00:00<?, ?it/s]
Loading weights: 100%|██████████| 288/288 [00:00<00:00, 3760.63it/s]
[transformers] Both `max_new_tokens` (=128) and `max_length`(=8192) seem to have been set. `max_new_tokens` will take precedence. Please refer to the documentation for more information. (https://huggingface.co/docs/transformers/main/en/main_classes/text_generation)
[transformers] Both `max_new_tokens` (=128) and `max_length`(=8192) seem to have been set. `max_new_tokens` will take precedence. Please refer to the documentation for more information. (https://huggingface.co/docs/transformers/main/en/main_classes/text_generation)
[transformers] Both `max_new_tokens` (=128) and `max_length`(=8192) seem to have been set. `max_new_tokens` will take precedence. Please refer to the documentation for more information. (https://huggingface.co/docs/transformers/main/en/main_classes/text_generation)
[transformers] Both `max_new_tokens` (=128) and `max_length`(=8192) seem to have been set. `max_new_tokens` will take precedence. Please refer to the documentation for more information. (https://huggingface.co/docs/transformers/main/en/main_classes/text_generation)
[transformers] Both `max_new_tokens` (=128) and `max_length`(=8192) seem to have been set. `max_new_tokens` will take precedence. Please refer to the documentation for more information. (https://huggingface.co/docs/transformers/main/en/main_classes/text_generation)
[transformers] Both `max_new_tokens` (=128) and `max_length`(=8192) seem to have been set. `max_new_tokens` will take precedence. Please refer to the documentation for more information. (https://huggingface.co/docs/transformers/main/en/main_classes/text_generation)
[transformers] Both `max_new_tokens` (=128) and `max_length`(=8192) seem to have been set. `max_new_tokens` will take precedence. Please refer to the documentation for more information. (https://huggingface.co/docs/transformers/main/en/main_classes/text_generation)
[transformers] Both `max_new_tokens` (=128) and `max_length`(=8192) seem to have been set. `max_new_tokens` will take precedence. Please refer to the documentation for more information. (https://huggingface.co/docs/transformers/main/en/main_classes/text_generation)
[transformers] Both `max_new_tokens` (=128) and `max_length`(=8192) seem to have been set. `max_new_tokens` will take precedence. Please refer to the documentation for more information. (https://huggingface.co/docs/transformers/main/en/main_classes/text_generation)
[transformers] Both `max_new_tokens` (=128) and `max_length`(=8192) seem to have been set. `max_new_tokens` will take precedence. Please refer to the documentation for more information. (https://huggingface.co/docs/transformers/main/en/main_classes/text_generation)
[transformers] Both `max_new_tokens` (=128) and `max_length`(=8192) seem to have been set. `max_new_tokens` will take precedence. Please refer to the documentation for more information. (https://huggingface.co/docs/transformers/main/en/main_classes/text_generation)
[transformers] Both `max_new_tokens` (=128) and `max_length`(=8192) seem to have been set. `max_new_tokens` will take precedence. Please refer to the documentation for more information. (https://huggingface.co/docs/transformers/main/en/main_classes/text_generation)
[transformers] Both `max_new_tokens` (=128) and `max_length`(=8192) seem to have been set. `max_new_tokens` will take precedence. Please refer to the documentation for more information. (https://huggingface.co/docs/transformers/main/en/main_classes/text_generation)
[transformers] Both `max_new_tokens` (=128) and `max_length`(=8192) seem to have been set. `max_new_tokens` will take precedence. Please refer to the documentation for more information. (https://huggingface.co/docs/transformers/main/en/main_classes/text_generation)
[transformers] Both `max_new_tokens` (=128) and `max_length`(=8192) seem to have been set. `max_new_tokens` will take precedence. Please refer to the documentation for more information. (https://huggingface.co/docs/transformers/main/en/main_classes/text_generation)
[transformers] Both `max_new_tokens` (=128) and `max_length`(=8192) seem to have been set. `max_new_tokens` will take precedence. Please refer to the documentation for more information. (https://huggingface.co/docs/transformers/main/en/main_classes/text_generation)
[transformers] Both `max_new_tokens` (=128) and `max_length`(=8192) seem to have been set. `max_new_tokens` will take precedence. Please refer to the documentation for more information. (https://huggingface.co/docs/transformers/main/en/main_classes/text_generation)
[transformers] Both `max_new_tokens` (=128) and `max_length`(=8192) seem to have been set. `max_new_tokens` will take precedence. Please refer to the documentation for more information. (https://huggingface.co/docs/transformers/main/en/main_classes/text_generation)
[transformers] Both `max_new_tokens` (=128) and `max_length`(=8192) seem to have been set. `max_new_tokens` will take precedence. Please refer to the documentation for more information. (https://huggingface.co/docs/transformers/main/en/main_classes/text_generation)
[transformers] Both `max_new_tokens` (=128) and `max_length`(=8192) seem to have been set. `max_new_tokens` will take precedence. Please refer to the documentation for more information. (https://huggingface.co/docs/transformers/main/en/main_classes/text_generation)
[transformers] Both `max_new_tokens` (=128) and `max_length`(=8192) seem to have been set. `max_new_tokens` will take precedence. Please refer to the documentation for more information. (https://huggingface.co/docs/transformers/main/en/main_classes/text_generation)
[transformers] Both `max_new_tokens` (=128) and `max_length`(=8192) seem to have been set. `max_new_tokens` will take precedence. Please refer to the documentation for more information. (https://huggingface.co/docs/transformers/main/en/main_classes/text_generation)
[transformers] Both `max_new_tokens` (=128) and `max_length`(=8192) seem to have been set. `max_new_tokens` will take precedence. Please refer to the documentation for more information. (https://huggingface.co/docs/transformers/main/en/main_classes/text_generation)
[transformers] Both `max_new_tokens` (=128) and `max_length`(=8192) seem to have been set. `max_new_tokens` will take precedence. Please refer to the documentation for more information. (https://huggingface.co/docs/transformers/main/en/main_classes/text_generation)
[transformers] Both `max_new_tokens` (=128) and `max_length`(=8192) seem to have been set. `max_new_tokens` will take precedence. Please refer to the documentation for more information. (https://huggingface.co/docs/transformers/main/en/main_classes/text_generation)
[transformers] Both `max_new_tokens` (=128) and `max_length`(=8192) seem to have been set. `max_new_tokens` will take precedence. Please refer to the documentation for more information. (https://huggingface.co/docs/transformers/main/en/main_classes/text_generation)
[transformers] Both `max_new_tokens` (=128) and `max_length`(=8192) seem to have been set. `max_new_tokens` will take precedence. Please refer to the documentation for more information. (https://huggingface.co/docs/transformers/main/en/main_classes/text_generation)
[transformers] Both `max_new_tokens` (=128) and `max_length`(=8192) seem to have been set. `max_new_tokens` will take precedence. Please refer to the documentation for more information. (https://huggingface.co/docs/transformers/main/en/main_classes/text_generation)
[transformers] Both `max_new_tokens` (=128) and `max_length`(=8192) seem to have been set. `max_new_tokens` will take precedence. Please refer to the documentation for more information. (https://huggingface.co/docs/transformers/main/en/main_classes/text_generation)
[transformers] Both `max_new_tokens` (=128) and `max_length`(=8192) seem to have been set. `max_new_tokens` will take precedence. Please refer to the documentation for more information. (https://huggingface.co/docs/transformers/main/en/main_classes/text_generation)
01:19:08 33 sequences, lengths [78, 157, 148, 145, 149, 154, 146, 64, 158, 153, 153, 140, 145, 133, 40, 147, 146, 151, 145, 138, 150, 158, 185, 159, 160, 145, 89, 152, 160, 153, 6144, 6144, 6144]
01:19:17 seq 0 (chat, 78 tok): eager|flex_attention: kl=2.49e-04 top1diff=0.0000, eager|sdpa: kl=3.00e-04 top1diff=0.0000, eager|eager_nocap: kl=3.53e-04 top1diff=0.0128, eager_nocap|sdpa: kl=2.98e-04 top1diff=0.0128
01:19:17 seq 1 (chat, 157 tok): eager|flex_attention: kl=9.07e-05 top1diff=0.0000, eager|sdpa: kl=1.74e-04 top1diff=0.0064, eager|eager_nocap: kl=1.75e-04 top1diff=0.0127, eager_nocap|sdpa: kl=1.28e-04 top1diff=0.0064
01:19:18 seq 2 (chat, 148 tok): eager|flex_attention: kl=1.57e-04 top1diff=0.0000, eager|sdpa: kl=1.74e-04 top1diff=0.0068, eager|eager_nocap: kl=3.05e-04 top1diff=0.0068, eager_nocap|sdpa: kl=4.67e-04 top1diff=0.0135
01:19:18 seq 3 (chat, 145 tok): eager|flex_attention: kl=3.80e-04 top1diff=0.0207, eager|sdpa: kl=4.69e-04 top1diff=0.0207, eager|eager_nocap: kl=5.01e-04 top1diff=0.0207, eager_nocap|sdpa: kl=3.99e-04 top1diff=0.0276
01:19:19 seq 4 (chat, 149 tok): eager|flex_attention: kl=4.98e-04 top1diff=0.0134, eager|sdpa: kl=6.05e-04 top1diff=0.0134, eager|eager_nocap: kl=6.06e-04 top1diff=0.0336, eager_nocap|sdpa: kl=4.31e-04 top1diff=0.0336
01:19:19 seq 5 (chat, 154 tok): eager|flex_attention: kl=1.09e-04 top1diff=0.0000, eager|sdpa: kl=1.83e-04 top1diff=0.0000, eager|eager_nocap: kl=1.41e-04 top1diff=0.0130, eager_nocap|sdpa: kl=1.96e-04 top1diff=0.0130
01:19:20 seq 6 (chat, 146 tok): eager|flex_attention: kl=4.57e-04 top1diff=0.0068, eager|sdpa: kl=3.23e-04 top1diff=0.0068, eager|eager_nocap: kl=3.67e-04 top1diff=0.0205, eager_nocap|sdpa: kl=2.35e-04 top1diff=0.0274
01:19:20 seq 7 (chat, 64 tok): eager|flex_attention: kl=5.46e-04 top1diff=0.0000, eager|sdpa: kl=5.91e-04 top1diff=0.0000, eager|eager_nocap: kl=7.72e-04 top1diff=0.0156, eager_nocap|sdpa: kl=7.46e-04 top1diff=0.0156
01:19:21 seq 8 (chat, 158 tok): eager|flex_attention: kl=1.65e-04 top1diff=0.0063, eager|sdpa: kl=1.89e-04 top1diff=0.0000, eager|eager_nocap: kl=2.16e-04 top1diff=0.0127, eager_nocap|sdpa: kl=1.20e-04 top1diff=0.0127
01:19:21 seq 9 (chat, 153 tok): eager|flex_attention: kl=3.63e-04 top1diff=0.0065, eager|sdpa: kl=3.98e-04 top1diff=0.0196, eager|eager_nocap: kl=4.06e-04 top1diff=0.0327, eager_nocap|sdpa: kl=3.22e-04 top1diff=0.0131
01:19:22 seq 10 (chat, 153 tok): eager|flex_attention: kl=1.73e-04 top1diff=0.0000, eager|sdpa: kl=2.63e-04 top1diff=0.0000, eager|eager_nocap: kl=2.06e-04 top1diff=0.0065, eager_nocap|sdpa: kl=1.78e-04 top1diff=0.0065
01:19:22 seq 11 (chat, 140 tok): eager|flex_attention: kl=2.74e-04 top1diff=0.0000, eager|sdpa: kl=3.24e-04 top1diff=0.0071, eager|eager_nocap: kl=3.71e-04 top1diff=0.0143, eager_nocap|sdpa: kl=2.47e-04 top1diff=0.0071
01:19:22 seq 12 (chat, 145 tok): eager|flex_attention: kl=4.12e-04 top1diff=0.0000, eager|sdpa: kl=4.61e-04 top1diff=0.0000, eager|eager_nocap: kl=5.02e-04 top1diff=0.0069, eager_nocap|sdpa: kl=3.03e-04 top1diff=0.0069
01:19:23 seq 13 (chat, 133 tok): eager|flex_attention: kl=1.17e-04 top1diff=0.0000, eager|sdpa: kl=1.64e-04 top1diff=0.0000, eager|eager_nocap: kl=2.21e-04 top1diff=0.0075, eager_nocap|sdpa: kl=1.78e-04 top1diff=0.0075
01:19:23 seq 14 (chat, 40 tok): eager|flex_attention: kl=3.55e-04 top1diff=0.0000, eager|sdpa: kl=3.48e-04 top1diff=0.0000, eager|eager_nocap: kl=5.15e-04 top1diff=0.0250, eager_nocap|sdpa: kl=4.89e-04 top1diff=0.0250
01:19:24 seq 15 (chat, 147 tok): eager|flex_attention: kl=5.20e-04 top1diff=0.0136, eager|sdpa: kl=6.25e-04 top1diff=0.0204, eager|eager_nocap: kl=5.01e-04 top1diff=0.0136, eager_nocap|sdpa: kl=4.32e-04 top1diff=0.0204
01:19:24 seq 16 (chat, 146 tok): eager|flex_attention: kl=2.63e-04 top1diff=0.0000, eager|sdpa: kl=2.16e-04 top1diff=0.0000, eager|eager_nocap: kl=2.67e-04 top1diff=0.0068, eager_nocap|sdpa: kl=1.89e-04 top1diff=0.0068
01:19:25 seq 17 (chat, 151 tok): eager|flex_attention: kl=3.75e-04 top1diff=0.0132, eager|sdpa: kl=3.81e-04 top1diff=0.0331, eager|eager_nocap: kl=4.66e-04 top1diff=0.0397, eager_nocap|sdpa: kl=3.84e-04 top1diff=0.0199
01:19:25 seq 18 (chat, 145 tok): eager|flex_attention: kl=1.73e-04 top1diff=0.0000, eager|sdpa: kl=1.77e-04 top1diff=0.0069, eager|eager_nocap: kl=2.40e-04 top1diff=0.0069, eager_nocap|sdpa: kl=1.91e-04 top1diff=0.0138
01:19:26 seq 19 (chat, 138 tok): eager|flex_attention: kl=9.63e-05 top1diff=0.0000, eager|sdpa: kl=7.98e-05 top1diff=0.0000, eager|eager_nocap: kl=1.30e-04 top1diff=0.0072, eager_nocap|sdpa: kl=9.98e-05 top1diff=0.0072
01:19:26 seq 20 (chat, 150 tok): eager|flex_attention: kl=5.20e-04 top1diff=0.0133, eager|sdpa: kl=6.32e-04 top1diff=0.0067, eager|eager_nocap: kl=6.40e-04 top1diff=0.0067, eager_nocap|sdpa: kl=5.48e-04 top1diff=0.0133
01:19:27 seq 21 (chat, 158 tok): eager|flex_attention: kl=3.38e-04 top1diff=0.0063, eager|sdpa: kl=3.76e-04 top1diff=0.0063, eager|eager_nocap: kl=4.29e-04 top1diff=0.0190, eager_nocap|sdpa: kl=3.20e-04 top1diff=0.0127
01:19:27 seq 22 (chat, 185 tok): eager|flex_attention: kl=4.73e-04 top1diff=0.0054, eager|sdpa: kl=5.90e-04 top1diff=0.0108, eager|eager_nocap: kl=5.87e-04 top1diff=0.0054, eager_nocap|sdpa: kl=5.63e-04 top1diff=0.0162
01:19:28 seq 23 (chat, 159 tok): eager|flex_attention: kl=5.26e-04 top1diff=0.0000, eager|sdpa: kl=5.19e-04 top1diff=0.0000, eager|eager_nocap: kl=5.85e-04 top1diff=0.0063, eager_nocap|sdpa: kl=4.77e-04 top1diff=0.0063
01:19:28 seq 24 (chat, 160 tok): eager|flex_attention: kl=6.31e-04 top1diff=0.0125, eager|sdpa: kl=6.76e-04 top1diff=0.0250, eager|eager_nocap: kl=6.50e-04 top1diff=0.0187, eager_nocap|sdpa: kl=5.12e-04 top1diff=0.0312
01:19:29 seq 25 (chat, 145 tok): eager|flex_attention: kl=5.85e-04 top1diff=0.0138, eager|sdpa: kl=2.01e-03 top1diff=0.0069, eager|eager_nocap: kl=4.40e-04 top1diff=0.0138, eager_nocap|sdpa: kl=1.32e-03 top1diff=0.0069
01:19:29 seq 26 (chat, 89 tok): eager|flex_attention: kl=8.06e-04 top1diff=0.0112, eager|sdpa: kl=8.04e-04 top1diff=0.0112, eager|eager_nocap: kl=8.28e-04 top1diff=0.0112, eager_nocap|sdpa: kl=7.63e-04 top1diff=0.0225
01:19:30 seq 27 (chat, 152 tok): eager|flex_attention: kl=4.34e-04 top1diff=0.0066, eager|sdpa: kl=4.51e-04 top1diff=0.0132, eager|eager_nocap: kl=4.90e-04 top1diff=0.0066, eager_nocap|sdpa: kl=4.38e-04 top1diff=0.0197
01:19:30 seq 28 (chat, 160 tok): eager|flex_attention: kl=2.85e-04 top1diff=0.0125, eager|sdpa: kl=2.40e-04 top1diff=0.0000, eager|eager_nocap: kl=2.87e-04 top1diff=0.0063, eager_nocap|sdpa: kl=2.75e-04 top1diff=0.0063
01:19:31 seq 29 (chat, 153 tok): eager|flex_attention: kl=3.82e-04 top1diff=0.0000, eager|sdpa: kl=4.67e-04 top1diff=0.0000, eager|eager_nocap: kl=4.92e-04 top1diff=0.0065, eager_nocap|sdpa: kl=4.37e-04 top1diff=0.0065
01:21:13 seq 30 (doc, 6144 tok): eager|flex_attention: kl=5.93e-04 top1diff=0.0151, eager|sdpa: kl=8.06e-04 top1diff=0.0169, eager|eager_nocap: kl=8.56e-04 top1diff=0.0200, eager_nocap|sdpa: kl=5.74e-04 top1diff=0.0176
01:22:36 seq 31 (doc, 6144 tok): eager|flex_attention: kl=6.03e-04 top1diff=0.0119, eager|sdpa: kl=6.90e-04 top1diff=0.0146, eager|eager_nocap: kl=7.43e-04 top1diff=0.0138, eager_nocap|sdpa: kl=4.76e-04 top1diff=0.0119
01:24:13 seq 32 (doc, 6144 tok): eager|flex_attention: kl=2.96e-04 top1diff=0.0060, eager|sdpa: kl=5.08e-04 top1diff=0.0065, eager|eager_nocap: kl=6.47e-04 top1diff=0.0067, eager_nocap|sdpa: kl=5.88e-04 top1diff=0.0060
01:24:13 wrote <workspace>/issue_track/gemma2_softcap/results/e1_2b.json
01:24:13 wrote <workspace>/issue_track/gemma2_softcap/results/e1_2b_tokens.json
01:24:14 done
