01:45:20 start e1 9b torch 2.14.0+cu130
W0923 01:45:23.802000 2530 torch/utils/_pytree.py:630] <enum 'KernelPreference'> is an Enum subclass and is now natively supported by torch.compile as an opaque value type. Calling register_constant() on Enum subclasses is deprecated and will be an error in a future release.
W0923 01:45:23.833000 2530 torch/utils/_pytree.py:630] <enum 'ScaleCalculationMode'> is an Enum subclass and is now natively supported by torch.compile as an opaque value type. Calling register_constant() on Enum subclasses is deprecated and will be an error in a future release.

Loading weights:   0%|          | 0/464 [00:00<?, ?it/s]
Loading weights:   0%|          | 1/464 [00:00<02:41,  2.87it/s]
Loading weights:   1%|          | 3/464 [00:00<01:15,  6.14it/s]
Loading weights:   3%|▎         | 14/464 [00:00<00:14, 31.47it/s]
Loading weights:   5%|▌         | 25/464 [00:00<00:09, 44.51it/s]
Loading weights:   7%|▋         | 33/464 [00:00<00:08, 51.98it/s]
Loading weights:   9%|▊         | 40/464 [00:01<00:08, 51.97it/s]
Loading weights:  10%|█         | 48/464 [00:01<00:07, 54.88it/s]
Loading weights:  12%|█▎        | 58/464 [00:01<00:06, 61.31it/s]
Loading weights:  14%|█▍        | 66/464 [00:01<00:06, 65.73it/s]
Loading weights:  16%|█▌        | 73/464 [00:01<00:06, 63.30it/s]
Loading weights:  17%|█▋        | 81/464 [00:01<00:05, 66.13it/s]
Loading weights:  20%|█▉        | 91/464 [00:01<00:05, 74.52it/s]
Loading weights:  21%|██▏       | 99/464 [00:01<00:04, 74.86it/s]
Loading weights:  23%|██▎       | 107/464 [00:01<00:04, 73.36it/s]
Loading weights:  25%|██▌       | 116/464 [00:02<00:04, 77.78it/s]
Loading weights:  28%|██▊       | 131/464 [00:02<00:03, 97.93it/s]
Loading weights:  31%|███       | 144/464 [00:02<00:02, 106.91it/s]
Loading weights:  34%|███▍      | 157/464 [00:02<00:02, 112.99it/s]
Loading weights:  36%|███▋      | 169/464 [00:02<00:02, 111.86it/s]
Loading weights:  39%|███▉      | 181/464 [00:02<00:02, 110.59it/s]
Loading weights:  42%|████▏     | 193/464 [00:02<00:02, 103.96it/s]
Loading weights:  44%|████▍     | 204/464 [00:02<00:02, 92.25it/s] 
Loading weights:  46%|████▌     | 214/464 [00:03<00:02, 84.34it/s]
Loading weights:  48%|████▊     | 224/464 [00:03<00:02, 86.57it/s]
Loading weights:  50%|█████     | 234/464 [00:03<00:02, 84.08it/s]
Loading weights:  52%|█████▏    | 243/464 [00:03<00:02, 76.57it/s]
Loading weights:  54%|█████▍    | 251/464 [00:03<00:03, 64.14it/s]
Loading weights:  56%|█████▌    | 259/464 [00:03<00:03, 67.69it/s]
Loading weights:  59%|█████▉    | 275/464 [00:03<00:02, 88.86it/s]
Loading weights:  62%|██████▏   | 289/464 [00:03<00:01, 100.21it/s]
Loading weights:  65%|██████▍   | 301/464 [00:04<00:01, 104.52it/s]
Loading weights:  67%|██████▋   | 313/464 [00:04<00:01, 107.76it/s]
Loading weights:  70%|███████   | 325/464 [00:04<00:01, 108.63it/s]
Loading weights:  74%|███████▍  | 344/464 [00:04<00:00, 128.85it/s]
Loading weights:  77%|███████▋  | 358/464 [00:04<00:01, 101.10it/s]
Loading weights:  80%|███████▉  | 370/464 [00:04<00:01, 87.03it/s] 
Loading weights:  82%|████████▏ | 380/464 [00:04<00:01, 70.67it/s]
Loading weights:  84%|████████▍ | 390/464 [00:05<00:01, 72.00it/s]
Loading weights:  86%|████████▋ | 401/464 [00:05<00:00, 75.94it/s]
Loading weights:  88%|████████▊ | 410/464 [00:05<00:00, 74.43it/s]
Loading weights:  90%|█████████ | 418/464 [00:05<00:01, 45.85it/s]
Loading weights:  92%|█████████▏| 425/464 [00:05<00:00, 39.78it/s]
Loading weights:  95%|█████████▍| 439/464 [00:06<00:00, 55.56it/s]
Loading weights:  98%|█████████▊| 454/464 [00:06<00:00, 72.24it/s]
Loading weights: 100%|██████████| 464/464 [00:06<00:00, 74.31it/s]
[transformers] Both `max_new_tokens` (=128) and `max_length`(=8192) seem to have been set. `max_new_tokens` will take precedence. Please refer to the documentation for more information. (https://huggingface.co/docs/transformers/main/en/main_classes/text_generation)
[transformers] Both `max_new_tokens` (=128) and `max_length`(=8192) seem to have been set. `max_new_tokens` will take precedence. Please refer to the documentation for more information. (https://huggingface.co/docs/transformers/main/en/main_classes/text_generation)
[transformers] Both `max_new_tokens` (=128) and `max_length`(=8192) seem to have been set. `max_new_tokens` will take precedence. Please refer to the documentation for more information. (https://huggingface.co/docs/transformers/main/en/main_classes/text_generation)
[transformers] Both `max_new_tokens` (=128) and `max_length`(=8192) seem to have been set. `max_new_tokens` will take precedence. Please refer to the documentation for more information. (https://huggingface.co/docs/transformers/main/en/main_classes/text_generation)
[transformers] Both `max_new_tokens` (=128) and `max_length`(=8192) seem to have been set. `max_new_tokens` will take precedence. Please refer to the documentation for more information. (https://huggingface.co/docs/transformers/main/en/main_classes/text_generation)
[transformers] Both `max_new_tokens` (=128) and `max_length`(=8192) seem to have been set. `max_new_tokens` will take precedence. Please refer to the documentation for more information. (https://huggingface.co/docs/transformers/main/en/main_classes/text_generation)
[transformers] Both `max_new_tokens` (=128) and `max_length`(=8192) seem to have been set. `max_new_tokens` will take precedence. Please refer to the documentation for more information. (https://huggingface.co/docs/transformers/main/en/main_classes/text_generation)
[transformers] Both `max_new_tokens` (=128) and `max_length`(=8192) seem to have been set. `max_new_tokens` will take precedence. Please refer to the documentation for more information. (https://huggingface.co/docs/transformers/main/en/main_classes/text_generation)
[transformers] Both `max_new_tokens` (=128) and `max_length`(=8192) seem to have been set. `max_new_tokens` will take precedence. Please refer to the documentation for more information. (https://huggingface.co/docs/transformers/main/en/main_classes/text_generation)
[transformers] Both `max_new_tokens` (=128) and `max_length`(=8192) seem to have been set. `max_new_tokens` will take precedence. Please refer to the documentation for more information. (https://huggingface.co/docs/transformers/main/en/main_classes/text_generation)
[transformers] Both `max_new_tokens` (=128) and `max_length`(=8192) seem to have been set. `max_new_tokens` will take precedence. Please refer to the documentation for more information. (https://huggingface.co/docs/transformers/main/en/main_classes/text_generation)
[transformers] Both `max_new_tokens` (=128) and `max_length`(=8192) seem to have been set. `max_new_tokens` will take precedence. Please refer to the documentation for more information. (https://huggingface.co/docs/transformers/main/en/main_classes/text_generation)
[transformers] Both `max_new_tokens` (=128) and `max_length`(=8192) seem to have been set. `max_new_tokens` will take precedence. Please refer to the documentation for more information. (https://huggingface.co/docs/transformers/main/en/main_classes/text_generation)
[transformers] Both `max_new_tokens` (=128) and `max_length`(=8192) seem to have been set. `max_new_tokens` will take precedence. Please refer to the documentation for more information. (https://huggingface.co/docs/transformers/main/en/main_classes/text_generation)
[transformers] Both `max_new_tokens` (=128) and `max_length`(=8192) seem to have been set. `max_new_tokens` will take precedence. Please refer to the documentation for more information. (https://huggingface.co/docs/transformers/main/en/main_classes/text_generation)
[transformers] Both `max_new_tokens` (=128) and `max_length`(=8192) seem to have been set. `max_new_tokens` will take precedence. Please refer to the documentation for more information. (https://huggingface.co/docs/transformers/main/en/main_classes/text_generation)
[transformers] Both `max_new_tokens` (=128) and `max_length`(=8192) seem to have been set. `max_new_tokens` will take precedence. Please refer to the documentation for more information. (https://huggingface.co/docs/transformers/main/en/main_classes/text_generation)
[transformers] Both `max_new_tokens` (=128) and `max_length`(=8192) seem to have been set. `max_new_tokens` will take precedence. Please refer to the documentation for more information. (https://huggingface.co/docs/transformers/main/en/main_classes/text_generation)
[transformers] Both `max_new_tokens` (=128) and `max_length`(=8192) seem to have been set. `max_new_tokens` will take precedence. Please refer to the documentation for more information. (https://huggingface.co/docs/transformers/main/en/main_classes/text_generation)
[transformers] Both `max_new_tokens` (=128) and `max_length`(=8192) seem to have been set. `max_new_tokens` will take precedence. Please refer to the documentation for more information. (https://huggingface.co/docs/transformers/main/en/main_classes/text_generation)
[transformers] Both `max_new_tokens` (=128) and `max_length`(=8192) seem to have been set. `max_new_tokens` will take precedence. Please refer to the documentation for more information. (https://huggingface.co/docs/transformers/main/en/main_classes/text_generation)
[transformers] Both `max_new_tokens` (=128) and `max_length`(=8192) seem to have been set. `max_new_tokens` will take precedence. Please refer to the documentation for more information. (https://huggingface.co/docs/transformers/main/en/main_classes/text_generation)
[transformers] Both `max_new_tokens` (=128) and `max_length`(=8192) seem to have been set. `max_new_tokens` will take precedence. Please refer to the documentation for more information. (https://huggingface.co/docs/transformers/main/en/main_classes/text_generation)
[transformers] Both `max_new_tokens` (=128) and `max_length`(=8192) seem to have been set. `max_new_tokens` will take precedence. Please refer to the documentation for more information. (https://huggingface.co/docs/transformers/main/en/main_classes/text_generation)
[transformers] Both `max_new_tokens` (=128) and `max_length`(=8192) seem to have been set. `max_new_tokens` will take precedence. Please refer to the documentation for more information. (https://huggingface.co/docs/transformers/main/en/main_classes/text_generation)
[transformers] Both `max_new_tokens` (=128) and `max_length`(=8192) seem to have been set. `max_new_tokens` will take precedence. Please refer to the documentation for more information. (https://huggingface.co/docs/transformers/main/en/main_classes/text_generation)
[transformers] Both `max_new_tokens` (=128) and `max_length`(=8192) seem to have been set. `max_new_tokens` will take precedence. Please refer to the documentation for more information. (https://huggingface.co/docs/transformers/main/en/main_classes/text_generation)
[transformers] Both `max_new_tokens` (=128) and `max_length`(=8192) seem to have been set. `max_new_tokens` will take precedence. Please refer to the documentation for more information. (https://huggingface.co/docs/transformers/main/en/main_classes/text_generation)
[transformers] Both `max_new_tokens` (=128) and `max_length`(=8192) seem to have been set. `max_new_tokens` will take precedence. Please refer to the documentation for more information. (https://huggingface.co/docs/transformers/main/en/main_classes/text_generation)
[transformers] Both `max_new_tokens` (=128) and `max_length`(=8192) seem to have been set. `max_new_tokens` will take precedence. Please refer to the documentation for more information. (https://huggingface.co/docs/transformers/main/en/main_classes/text_generation)
01:49:21 33 sequences, lengths [74, 157, 168, 145, 149, 154, 57, 61, 158, 153, 153, 120, 145, 135, 51, 143, 146, 151, 145, 151, 122, 158, 166, 159, 160, 48, 78, 152, 153, 153, 4096, 4096, 4096]
01:49:47 seq 0 (chat, 74 tok): eager|flex_attention: kl=2.29e-04 top1diff=0.0135, eager|sdpa: kl=1.00e-03 top1diff=0.0000, eager|eager_nocap: kl=9.65e-04 top1diff=0.0000, eager_nocap|sdpa: kl=1.94e-04 top1diff=0.0000
01:49:51 seq 1 (chat, 157 tok): eager|flex_attention: kl=1.02e-04 top1diff=0.0064, eager|sdpa: kl=1.30e-04 top1diff=0.0127, eager|eager_nocap: kl=1.58e-04 top1diff=0.0064, eager_nocap|sdpa: kl=1.02e-04 top1diff=0.0064
01:49:58 seq 2 (chat, 168 tok): eager|flex_attention: kl=1.08e-04 top1diff=0.0060, eager|sdpa: kl=2.84e-04 top1diff=0.0119, eager|eager_nocap: kl=3.01e-04 top1diff=0.0179, eager_nocap|sdpa: kl=9.53e-05 top1diff=0.0060
01:50:04 seq 3 (chat, 145 tok): eager|flex_attention: kl=3.74e-04 top1diff=0.0069, eager|sdpa: kl=1.12e-03 top1diff=0.0138, eager|eager_nocap: kl=1.03e-03 top1diff=0.0138, eager_nocap|sdpa: kl=2.37e-04 top1diff=0.0000
01:50:11 seq 4 (chat, 149 tok): eager|flex_attention: kl=2.59e-04 top1diff=0.0000, eager|sdpa: kl=6.93e-04 top1diff=0.0067, eager|eager_nocap: kl=7.26e-04 top1diff=0.0067, eager_nocap|sdpa: kl=1.68e-04 top1diff=0.0000
01:50:17 seq 5 (chat, 154 tok): eager|flex_attention: kl=9.85e-05 top1diff=0.0000, eager|sdpa: kl=2.14e-04 top1diff=0.0000, eager|eager_nocap: kl=2.38e-04 top1diff=0.0000, eager_nocap|sdpa: kl=7.98e-05 top1diff=0.0000
01:50:21 seq 6 (chat, 57 tok): eager|flex_attention: kl=1.39e-03 top1diff=0.0000, eager|sdpa: kl=6.94e-04 top1diff=0.0000, eager|eager_nocap: kl=2.23e-03 top1diff=0.0000, eager_nocap|sdpa: kl=9.11e-04 top1diff=0.0000
01:50:28 seq 7 (chat, 61 tok): eager|flex_attention: kl=3.13e-04 top1diff=0.0164, eager|sdpa: kl=5.04e-04 top1diff=0.0164, eager|eager_nocap: kl=5.49e-04 top1diff=0.0000, eager_nocap|sdpa: kl=4.04e-04 top1diff=0.0164
01:50:34 seq 8 (chat, 158 tok): eager|flex_attention: kl=7.93e-05 top1diff=0.0000, eager|sdpa: kl=2.65e-04 top1diff=0.0000, eager|eager_nocap: kl=3.53e-04 top1diff=0.0000, eager_nocap|sdpa: kl=6.79e-05 top1diff=0.0000
01:50:41 seq 9 (chat, 153 tok): eager|flex_attention: kl=2.29e-04 top1diff=0.0000, eager|sdpa: kl=9.29e-04 top1diff=0.0065, eager|eager_nocap: kl=8.26e-04 top1diff=0.0065, eager_nocap|sdpa: kl=2.35e-04 top1diff=0.0131
01:50:47 seq 10 (chat, 153 tok): eager|flex_attention: kl=1.29e-04 top1diff=0.0000, eager|sdpa: kl=2.51e-04 top1diff=0.0000, eager|eager_nocap: kl=2.72e-04 top1diff=0.0065, eager_nocap|sdpa: kl=1.16e-04 top1diff=0.0065
01:50:51 seq 11 (chat, 120 tok): eager|flex_attention: kl=2.33e-04 top1diff=0.0083, eager|sdpa: kl=4.89e-04 top1diff=0.0000, eager|eager_nocap: kl=6.07e-04 top1diff=0.0000, eager_nocap|sdpa: kl=2.36e-04 top1diff=0.0000
01:50:57 seq 12 (chat, 145 tok): eager|flex_attention: kl=2.12e-04 top1diff=0.0000, eager|sdpa: kl=6.95e-04 top1diff=0.0138, eager|eager_nocap: kl=5.80e-04 top1diff=0.0069, eager_nocap|sdpa: kl=2.78e-04 top1diff=0.0069
01:51:04 seq 13 (chat, 135 tok): eager|flex_attention: kl=1.05e-04 top1diff=0.0000, eager|sdpa: kl=2.39e-04 top1diff=0.0074, eager|eager_nocap: kl=2.28e-04 top1diff=0.0074, eager_nocap|sdpa: kl=7.72e-05 top1diff=0.0148
01:51:10 seq 14 (chat, 51 tok): eager|flex_attention: kl=3.09e-04 top1diff=0.0000, eager|sdpa: kl=4.97e-04 top1diff=0.0000, eager|eager_nocap: kl=5.09e-04 top1diff=0.0000, eager_nocap|sdpa: kl=3.69e-04 top1diff=0.0000
01:51:17 seq 15 (chat, 143 tok): eager|flex_attention: kl=2.07e-04 top1diff=0.0000, eager|sdpa: kl=4.96e-04 top1diff=0.0070, eager|eager_nocap: kl=4.22e-04 top1diff=0.0070, eager_nocap|sdpa: kl=2.45e-04 top1diff=0.0000
01:51:21 seq 16 (chat, 146 tok): eager|flex_attention: kl=1.50e-04 top1diff=0.0000, eager|sdpa: kl=3.00e-04 top1diff=0.0000, eager|eager_nocap: kl=3.01e-04 top1diff=0.0000, eager_nocap|sdpa: kl=1.17e-04 top1diff=0.0000
01:51:27 seq 17 (chat, 151 tok): eager|flex_attention: kl=3.15e-04 top1diff=0.0000, eager|sdpa: kl=1.09e-03 top1diff=0.0132, eager|eager_nocap: kl=1.11e-03 top1diff=0.0265, eager_nocap|sdpa: kl=3.61e-04 top1diff=0.0265
01:51:34 seq 18 (chat, 145 tok): eager|flex_attention: kl=9.69e-05 top1diff=0.0000, eager|sdpa: kl=4.35e-04 top1diff=0.0069, eager|eager_nocap: kl=4.88e-04 top1diff=0.0069, eager_nocap|sdpa: kl=7.49e-05 top1diff=0.0000
01:51:40 seq 19 (chat, 151 tok): eager|flex_attention: kl=1.36e-04 top1diff=0.0000, eager|sdpa: kl=1.89e-04 top1diff=0.0066, eager|eager_nocap: kl=2.21e-04 top1diff=0.0066, eager_nocap|sdpa: kl=6.63e-05 top1diff=0.0000
01:51:47 seq 20 (chat, 122 tok): eager|flex_attention: kl=2.77e-04 top1diff=0.0000, eager|sdpa: kl=7.58e-04 top1diff=0.0082, eager|eager_nocap: kl=6.50e-04 top1diff=0.0082, eager_nocap|sdpa: kl=2.81e-04 top1diff=0.0000
01:51:51 seq 21 (chat, 158 tok): eager|flex_attention: kl=1.79e-04 top1diff=0.0063, eager|sdpa: kl=2.69e-04 top1diff=0.0127, eager|eager_nocap: kl=2.48e-04 top1diff=0.0063, eager_nocap|sdpa: kl=1.33e-04 top1diff=0.0063
01:51:57 seq 22 (chat, 166 tok): eager|flex_attention: kl=2.39e-04 top1diff=0.0000, eager|sdpa: kl=3.44e-04 top1diff=0.0000, eager|eager_nocap: kl=3.29e-04 top1diff=0.0060, eager_nocap|sdpa: kl=2.07e-04 top1diff=0.0060
01:52:04 seq 23 (chat, 159 tok): eager|flex_attention: kl=2.11e-04 top1diff=0.0000, eager|sdpa: kl=3.42e-04 top1diff=0.0000, eager|eager_nocap: kl=3.30e-04 top1diff=0.0000, eager_nocap|sdpa: kl=2.19e-04 top1diff=0.0000
01:52:10 seq 24 (chat, 160 tok): eager|flex_attention: kl=3.24e-04 top1diff=0.0000, eager|sdpa: kl=5.30e-04 top1diff=0.0000, eager|eager_nocap: kl=5.59e-04 top1diff=0.0125, eager_nocap|sdpa: kl=2.80e-04 top1diff=0.0125
01:52:16 seq 25 (chat, 48 tok): eager|flex_attention: kl=2.70e-04 top1diff=0.0208, eager|sdpa: kl=5.28e-04 top1diff=0.0208, eager|eager_nocap: kl=6.06e-04 top1diff=0.0000, eager_nocap|sdpa: kl=2.64e-04 top1diff=0.0208
01:52:23 seq 26 (chat, 78 tok): eager|flex_attention: kl=5.14e-04 top1diff=0.0128, eager|sdpa: kl=8.14e-04 top1diff=0.0128, eager|eager_nocap: kl=6.46e-04 top1diff=0.0000, eager_nocap|sdpa: kl=5.82e-04 top1diff=0.0128
01:52:27 seq 27 (chat, 152 tok): eager|flex_attention: kl=2.28e-04 top1diff=0.0000, eager|sdpa: kl=5.38e-04 top1diff=0.0066, eager|eager_nocap: kl=5.62e-04 top1diff=0.0000, eager_nocap|sdpa: kl=2.43e-04 top1diff=0.0066
01:52:33 seq 28 (chat, 153 tok): eager|flex_attention: kl=1.14e-04 top1diff=0.0000, eager|sdpa: kl=2.46e-04 top1diff=0.0065, eager|eager_nocap: kl=2.64e-04 top1diff=0.0065, eager_nocap|sdpa: kl=1.01e-04 top1diff=0.0000
01:52:40 seq 29 (chat, 153 tok): eager|flex_attention: kl=2.69e-04 top1diff=0.0000, eager|sdpa: kl=1.05e-03 top1diff=0.0065, eager|eager_nocap: kl=1.14e-03 top1diff=0.0065, eager_nocap|sdpa: kl=2.46e-04 top1diff=0.0000
01:54:58 seq 30 (doc, 4096 tok): eager|flex_attention: kl=6.03e-04 top1diff=0.0171, eager|sdpa: kl=1.28e-03 top1diff=0.0227, eager|eager_nocap: kl=1.37e-03 top1diff=0.0203, eager_nocap|sdpa: kl=5.84e-04 top1diff=0.0142
01:56:08 seq 31 (doc, 4096 tok): eager|flex_attention: kl=8.40e-04 top1diff=0.0105, eager|sdpa: kl=1.96e-03 top1diff=0.0110, eager|eager_nocap: kl=2.02e-03 top1diff=0.0120, eager_nocap|sdpa: kl=7.47e-04 top1diff=0.0054
01:57:49 seq 32 (doc, 4096 tok): eager|flex_attention: kl=2.85e-04 top1diff=0.0046, eager|sdpa: kl=7.59e-04 top1diff=0.0083, eager|eager_nocap: kl=6.78e-04 top1diff=0.0085, eager_nocap|sdpa: kl=3.15e-04 top1diff=0.0049
01:57:50 wrote <workspace>/issue_track/gemma2_softcap/results/e1_9b.json
01:57:50 wrote <workspace>/issue_track/gemma2_softcap/results/e1_9b_tokens.json
01:57:50 done
