03:07:39 start e1b 9b torch 2.14.0+cu130
W0923 03:07:44.195000 1493143 torch/utils/_pytree.py:630] <enum 'KernelPreference'> is an Enum subclass and is now natively supported by torch.compile as an opaque value type. Calling register_constant() on Enum subclasses is deprecated and will be an error in a future release.
W0923 03:07:44.237000 1493143 torch/utils/_pytree.py:630] <enum 'ScaleCalculationMode'> is an Enum subclass and is now natively supported by torch.compile as an opaque value type. Calling register_constant() on Enum subclasses is deprecated and will be an error in a future release.

Loading weights:   0%|          | 0/464 [00:00<?, ?it/s]
Loading weights:   0%|          | 1/464 [00:05<39:37,  5.14s/it]
Loading weights:   1%|          | 3/464 [00:05<11:41,  1.52s/it]
Loading weights:   1%|          | 4/464 [00:05<08:16,  1.08s/it]
Loading weights:   1%|          | 5/464 [00:06<06:10,  1.24it/s]
Loading weights:   2%|▏         | 10/464 [00:06<01:57,  3.86it/s]
Loading weights:   3%|▎         | 12/464 [00:06<01:31,  4.92it/s]
Loading weights:   3%|▎         | 14/464 [00:06<01:23,  5.37it/s]
Loading weights:   3%|▎         | 16/464 [00:07<01:34,  4.74it/s]
Loading weights:   5%|▍         | 21/464 [00:07<00:51,  8.64it/s]
Loading weights:   5%|▍         | 23/464 [00:07<00:50,  8.73it/s]
Loading weights:   5%|▌         | 25/464 [00:07<00:48,  9.02it/s]
Loading weights:   6%|▌         | 27/464 [00:08<00:48,  8.98it/s]
Loading weights:   8%|▊         | 36/464 [00:08<00:23, 17.84it/s]
Loading weights:   8%|▊         | 39/464 [00:08<00:26, 16.01it/s]
Loading weights:  10%|█         | 47/464 [00:08<00:18, 22.76it/s]
Loading weights:  11%|█         | 50/464 [00:08<00:22, 18.72it/s]
Loading weights:  12%|█▎        | 58/464 [00:09<00:16, 24.69it/s]
Loading weights:  13%|█▎        | 61/464 [00:09<00:19, 21.18it/s]
Loading weights:  15%|█▍        | 69/464 [00:09<00:14, 27.80it/s]
Loading weights:  16%|█▌        | 73/464 [00:09<00:16, 24.21it/s]
Loading weights:  17%|█▋        | 80/464 [00:10<00:15, 24.59it/s]
Loading weights:  18%|█▊        | 83/464 [00:10<00:23, 15.96it/s]
Loading weights:  19%|█▉        | 88/464 [00:10<00:20, 18.60it/s]
Loading weights:  20%|█▉        | 91/464 [00:10<00:22, 16.41it/s]
Loading weights:  20%|██        | 93/464 [00:11<00:35, 10.55it/s]
Loading weights:  21%|██        | 98/464 [00:11<00:25, 14.08it/s]
Loading weights:  22%|██▏       | 102/464 [00:11<00:28, 12.81it/s]
Loading weights:  22%|██▏       | 104/464 [00:12<00:40,  8.88it/s]
Loading weights:  23%|██▎       | 109/464 [00:12<00:28, 12.27it/s]
Loading weights:  24%|██▍       | 113/464 [00:13<00:30, 11.36it/s]
Loading weights:  25%|██▍       | 115/464 [00:13<00:44,  7.82it/s]
Loading weights:  25%|██▌       | 117/464 [00:13<00:38,  8.91it/s]
Loading weights:  26%|██▌       | 120/464 [00:13<00:30, 11.14it/s]
Loading weights:  26%|██▋       | 122/464 [00:14<00:29, 11.54it/s]
Loading weights:  27%|██▋       | 124/464 [00:14<00:35,  9.63it/s]
Loading weights:  31%|███       | 142/464 [00:14<00:10, 31.10it/s]
Loading weights:  32%|███▏      | 147/464 [00:15<00:22, 13.87it/s]
Loading weights:  33%|███▎      | 151/464 [00:16<00:30, 10.32it/s]
Loading weights:  33%|███▎      | 154/464 [00:16<00:28, 10.99it/s]
Loading weights:  34%|███▍      | 157/464 [00:16<00:28, 10.64it/s]
Loading weights:  34%|███▍      | 159/464 [00:17<00:38,  8.01it/s]
Loading weights:  35%|███▌      | 164/464 [00:17<00:26, 11.46it/s]
Loading weights:  36%|███▌      | 167/464 [00:17<00:22, 13.27it/s]
Loading weights:  37%|███▋      | 170/464 [00:18<00:37,  7.92it/s]
Loading weights:  38%|███▊      | 175/464 [00:18<00:25, 11.32it/s]
Loading weights:  38%|███▊      | 178/464 [00:18<00:21, 13.11it/s]
Loading weights:  39%|███▉      | 181/464 [00:19<00:36,  7.65it/s]
Loading weights:  40%|████      | 186/464 [00:19<00:25, 10.80it/s]
Loading weights:  41%|████      | 189/464 [00:19<00:22, 12.08it/s]
Loading weights:  41%|████▏     | 192/464 [00:20<00:39,  6.89it/s]
Loading weights:  42%|████▏     | 197/464 [00:21<00:27,  9.80it/s]
Loading weights:  43%|████▎     | 201/464 [00:21<00:26, 10.04it/s]
Loading weights:  44%|████▍     | 203/464 [00:22<00:36,  7.11it/s]
Loading weights:  44%|████▍     | 205/464 [00:22<00:31,  8.16it/s]
Loading weights:  45%|████▍     | 208/464 [00:22<00:25, 10.22it/s]
Loading weights:  45%|████▌     | 210/464 [00:22<00:23, 10.61it/s]
Loading weights:  46%|████▌     | 212/464 [00:22<00:24, 10.26it/s]
Loading weights:  46%|████▌     | 214/464 [00:23<00:38,  6.46it/s]
Loading weights:  47%|████▋     | 216/464 [00:23<00:31,  7.87it/s]
Loading weights:  47%|████▋     | 219/464 [00:23<00:23, 10.32it/s]
Loading weights:  48%|████▊     | 223/464 [00:23<00:22, 10.80it/s]
Loading weights:  48%|████▊     | 225/464 [00:24<00:38,  6.26it/s]
Loading weights:  49%|████▉     | 227/464 [00:24<00:35,  6.70it/s]
Loading weights:  50%|████▉     | 230/464 [00:25<00:26,  8.74it/s]
Loading weights:  50%|█████     | 232/464 [00:25<00:24,  9.58it/s]
Loading weights:  50%|█████     | 234/464 [00:25<00:26,  8.66it/s]
Loading weights:  51%|█████     | 236/464 [00:26<00:43,  5.29it/s]
Loading weights:  52%|█████▏    | 242/464 [00:26<00:22,  9.84it/s]
Loading weights:  53%|█████▎    | 245/464 [00:26<00:20, 10.67it/s]
Loading weights:  53%|█████▎    | 247/464 [00:27<00:28,  7.71it/s]
Loading weights:  54%|█████▍    | 252/464 [00:27<00:17, 11.87it/s]
Loading weights:  55%|█████▌    | 256/464 [00:27<00:17, 11.84it/s]
Loading weights:  56%|█████▌    | 258/464 [00:28<00:23,  8.62it/s]
Loading weights:  57%|█████▋    | 263/464 [00:28<00:16, 12.09it/s]
Loading weights:  58%|█████▊    | 267/464 [00:28<00:16, 12.01it/s]
Loading weights:  58%|█████▊    | 269/464 [00:29<00:22,  8.65it/s]
Loading weights:  59%|█████▉    | 274/464 [00:29<00:15, 12.36it/s]
Loading weights:  59%|█████▉    | 276/464 [00:29<00:14, 12.93it/s]
Loading weights:  60%|█████▉    | 278/464 [00:29<00:16, 11.40it/s]
Loading weights:  60%|██████    | 280/464 [00:30<00:24,  7.61it/s]
Loading weights:  61%|██████▏   | 285/464 [00:30<00:15, 11.85it/s]
Loading weights:  62%|██████▏   | 287/464 [00:30<00:14, 12.60it/s]
Loading weights:  62%|██████▏   | 289/464 [00:30<00:15, 11.15it/s]
Loading weights:  63%|██████▎   | 291/464 [00:31<00:23,  7.40it/s]
Loading weights:  64%|██████▍   | 296/464 [00:31<00:14, 11.85it/s]
Loading weights:  64%|██████▍   | 298/464 [00:31<00:13, 12.63it/s]
Loading weights:  65%|██████▍   | 300/464 [00:31<00:14, 11.04it/s]
Loading weights:  65%|██████▌   | 302/464 [00:32<00:21,  7.52it/s]
Loading weights:  66%|██████▌   | 307/464 [00:32<00:12, 12.10it/s]
Loading weights:  67%|██████▋   | 310/464 [00:32<00:10, 14.44it/s]
Loading weights:  67%|██████▋   | 313/464 [00:33<00:20,  7.22it/s]
Loading weights:  69%|██████▊   | 318/464 [00:33<00:13, 10.49it/s]
Loading weights:  69%|██████▉   | 321/464 [00:33<00:12, 11.84it/s]
Loading weights:  70%|██████▉   | 324/464 [00:34<00:23,  6.03it/s]
Loading weights:  70%|███████   | 326/464 [00:35<00:19,  7.03it/s]
Loading weights:  71%|███████   | 329/464 [00:35<00:14,  9.01it/s]
Loading weights:  71%|███████▏  | 331/464 [00:35<00:13,  9.69it/s]
Loading weights:  72%|███████▏  | 333/464 [00:35<00:14,  9.14it/s]
Loading weights:  72%|███████▏  | 335/464 [00:36<00:22,  5.64it/s]
Loading weights:  73%|███████▎  | 337/464 [00:36<00:18,  6.97it/s]
Loading weights:  73%|███████▎  | 340/464 [00:36<00:13,  9.44it/s]
Loading weights:  74%|███████▎  | 342/464 [00:36<00:12,  9.95it/s]
Loading weights:  74%|███████▍  | 344/464 [00:37<00:12,  9.25it/s]
Loading weights:  75%|███████▍  | 346/464 [00:37<00:23,  4.96it/s]
Loading weights:  75%|███████▍  | 347/464 [00:37<00:21,  5.40it/s]
Loading weights:  76%|███████▌  | 352/464 [00:38<00:12,  9.32it/s]
Loading weights:  76%|███████▋  | 354/464 [00:38<00:10, 10.48it/s]
Loading weights:  77%|███████▋  | 356/464 [00:39<00:18,  5.93it/s]
Loading weights:  77%|███████▋  | 358/464 [00:39<00:16,  6.42it/s]
Loading weights:  78%|███████▊  | 363/464 [00:39<00:09, 10.74it/s]
Loading weights:  79%|███████▉  | 366/464 [00:39<00:08, 11.44it/s]
Loading weights:  79%|███████▉  | 368/464 [00:40<00:11,  8.50it/s]
Loading weights:  81%|████████  | 374/464 [00:40<00:06, 13.66it/s]
Loading weights:  81%|████████▏ | 377/464 [00:40<00:06, 13.12it/s]
Loading weights:  82%|████████▏ | 379/464 [00:40<00:08,  9.83it/s]
Loading weights:  83%|████████▎ | 384/464 [00:41<00:05, 14.44it/s]
Loading weights:  84%|████████▎ | 388/464 [00:41<00:05, 13.97it/s]
Loading weights:  84%|████████▍ | 390/464 [00:41<00:07, 10.08it/s]
Loading weights:  85%|████████▌ | 395/464 [00:41<00:04, 14.21it/s]
Loading weights:  86%|████████▌ | 398/464 [00:42<00:04, 15.90it/s]
Loading weights:  86%|████████▋ | 401/464 [00:42<00:06,  9.14it/s]
Loading weights:  88%|████████▊ | 406/464 [00:42<00:04, 13.10it/s]
Loading weights:  88%|████████▊ | 409/464 [00:43<00:03, 14.52it/s]
Loading weights:  89%|████████▉ | 412/464 [00:43<00:06,  8.44it/s]
Loading weights:  90%|█████████ | 418/464 [00:44<00:04, 10.91it/s]
Loading weights:  91%|█████████ | 421/464 [00:44<00:03, 11.07it/s]
Loading weights:  91%|█████████ | 423/464 [00:45<00:05,  7.52it/s]
Loading weights:  96%|█████████▌| 444/464 [00:45<00:00, 23.78it/s]
Loading weights:  97%|█████████▋| 449/464 [00:45<00:00, 18.66it/s]
Loading weights:  98%|█████████▊| 453/464 [00:46<00:00, 17.45it/s]
Loading weights:  98%|█████████▊| 456/464 [00:47<00:00,  8.76it/s]
Loading weights:  99%|█████████▉| 461/464 [00:47<00:00, 11.36it/s]
Loading weights: 100%|██████████| 464/464 [00:47<00:00, 12.86it/s]
Loading weights: 100%|██████████| 464/464 [00:47<00:00,  9.78it/s]
03:08:33 33 sequences, lengths [74, 157, 168, 145, 149, 154, 57, 61, 158, 153, 153, 120, 145, 135, 51, 143, 146, 151, 145, 151, 122, 158, 166, 159, 160, 48, 78, 152, 153, 153, 4096, 4096, 4096]
03:09:06 seq 0 (chat, 74 tok): eager|flex_attention: kl=1.43e-04 top1diff=0.0000, eager|sdpa: kl=8.51e-04 top1diff=0.0000, eager|eager_nocap: kl=9.15e-04 top1diff=0.0000, eager_nocap|sdpa: kl=2.66e-04 top1diff=0.0000
03:09:14 seq 1 (chat, 157 tok): eager|flex_attention: kl=9.59e-05 top1diff=0.0000, eager|sdpa: kl=2.85e-04 top1diff=0.0127, eager|eager_nocap: kl=1.96e-04 top1diff=0.0064, eager_nocap|sdpa: kl=1.65e-04 top1diff=0.0064
03:09:22 seq 2 (chat, 168 tok): eager|flex_attention: kl=9.79e-05 top1diff=0.0000, eager|sdpa: kl=2.73e-04 top1diff=0.0060, eager|eager_nocap: kl=2.78e-04 top1diff=0.0060, eager_nocap|sdpa: kl=1.30e-04 top1diff=0.0000
03:09:29 seq 3 (chat, 145 tok): eager|flex_attention: kl=2.02e-04 top1diff=0.0000, eager|sdpa: kl=9.58e-04 top1diff=0.0000, eager|eager_nocap: kl=9.73e-04 top1diff=0.0069, eager_nocap|sdpa: kl=2.40e-04 top1diff=0.0069
03:09:35 seq 4 (chat, 149 tok): eager|flex_attention: kl=1.64e-04 top1diff=0.0000, eager|sdpa: kl=7.08e-04 top1diff=0.0067, eager|eager_nocap: kl=6.32e-04 top1diff=0.0067, eager_nocap|sdpa: kl=1.97e-04 top1diff=0.0000
03:09:42 seq 5 (chat, 154 tok): eager|flex_attention: kl=1.09e-04 top1diff=0.0000, eager|sdpa: kl=1.97e-04 top1diff=0.0000, eager|eager_nocap: kl=2.11e-04 top1diff=0.0000, eager_nocap|sdpa: kl=1.17e-04 top1diff=0.0000
03:09:50 seq 6 (chat, 57 tok): eager|flex_attention: kl=3.71e-04 top1diff=0.0000, eager|sdpa: kl=3.84e-04 top1diff=0.0000, eager|eager_nocap: kl=4.35e-04 top1diff=0.0000, eager_nocap|sdpa: kl=2.47e-04 top1diff=0.0000
03:09:58 seq 7 (chat, 61 tok): eager|flex_attention: kl=3.61e-04 top1diff=0.0328, eager|sdpa: kl=4.67e-04 top1diff=0.0328, eager|eager_nocap: kl=4.86e-04 top1diff=0.0328, eager_nocap|sdpa: kl=3.69e-04 top1diff=0.0000
03:10:03 seq 8 (chat, 158 tok): eager|flex_attention: kl=1.11e-04 top1diff=0.0000, eager|sdpa: kl=2.20e-04 top1diff=0.0000, eager|eager_nocap: kl=1.83e-04 top1diff=0.0000, eager_nocap|sdpa: kl=1.33e-04 top1diff=0.0000
03:10:10 seq 9 (chat, 153 tok): eager|flex_attention: kl=2.37e-04 top1diff=0.0131, eager|sdpa: kl=7.67e-04 top1diff=0.0065, eager|eager_nocap: kl=7.92e-04 top1diff=0.0196, eager_nocap|sdpa: kl=1.79e-04 top1diff=0.0131
03:10:18 seq 10 (chat, 153 tok): eager|flex_attention: kl=1.04e-04 top1diff=0.0000, eager|sdpa: kl=2.14e-04 top1diff=0.0000, eager|eager_nocap: kl=2.88e-04 top1diff=0.0065, eager_nocap|sdpa: kl=1.28e-04 top1diff=0.0065
03:10:26 seq 11 (chat, 120 tok): eager|flex_attention: kl=3.01e-04 top1diff=0.0000, eager|sdpa: kl=5.71e-04 top1diff=0.0083, eager|eager_nocap: kl=7.14e-04 top1diff=0.0000, eager_nocap|sdpa: kl=2.07e-04 top1diff=0.0083
03:10:31 seq 12 (chat, 145 tok): eager|flex_attention: kl=1.80e-04 top1diff=0.0000, eager|sdpa: kl=6.04e-04 top1diff=0.0069, eager|eager_nocap: kl=7.44e-04 top1diff=0.0069, eager_nocap|sdpa: kl=2.70e-04 top1diff=0.0000
03:10:39 seq 13 (chat, 135 tok): eager|flex_attention: kl=1.10e-04 top1diff=0.0000, eager|sdpa: kl=2.29e-04 top1diff=0.0074, eager|eager_nocap: kl=2.76e-04 top1diff=0.0074, eager_nocap|sdpa: kl=1.06e-04 top1diff=0.0000
03:10:46 seq 14 (chat, 51 tok): eager|flex_attention: kl=2.31e-04 top1diff=0.0000, eager|sdpa: kl=3.79e-04 top1diff=0.0000, eager|eager_nocap: kl=4.52e-04 top1diff=0.0000, eager_nocap|sdpa: kl=2.31e-04 top1diff=0.0000
03:10:54 seq 15 (chat, 143 tok): eager|flex_attention: kl=2.27e-04 top1diff=0.0000, eager|sdpa: kl=6.20e-04 top1diff=0.0000, eager|eager_nocap: kl=4.59e-04 top1diff=0.0000, eager_nocap|sdpa: kl=2.93e-04 top1diff=0.0000
03:11:02 seq 16 (chat, 146 tok): eager|flex_attention: kl=1.02e-04 top1diff=0.0000, eager|sdpa: kl=2.96e-04 top1diff=0.0000, eager|eager_nocap: kl=3.83e-04 top1diff=0.0068, eager_nocap|sdpa: kl=9.73e-05 top1diff=0.0068
03:11:07 seq 17 (chat, 151 tok): eager|flex_attention: kl=2.78e-04 top1diff=0.0066, eager|sdpa: kl=1.12e-03 top1diff=0.0265, eager|eager_nocap: kl=1.04e-03 top1diff=0.0265, eager_nocap|sdpa: kl=2.81e-04 top1diff=0.0132
03:11:14 seq 18 (chat, 145 tok): eager|flex_attention: kl=9.18e-05 top1diff=0.0000, eager|sdpa: kl=3.74e-04 top1diff=0.0069, eager|eager_nocap: kl=3.97e-04 top1diff=0.0069, eager_nocap|sdpa: kl=8.69e-05 top1diff=0.0000
03:11:22 seq 19 (chat, 151 tok): eager|flex_attention: kl=1.44e-04 top1diff=0.0000, eager|sdpa: kl=2.79e-04 top1diff=0.0066, eager|eager_nocap: kl=3.10e-04 top1diff=0.0066, eager_nocap|sdpa: kl=1.11e-04 top1diff=0.0000
03:11:30 seq 20 (chat, 122 tok): eager|flex_attention: kl=2.33e-04 top1diff=0.0082, eager|sdpa: kl=8.17e-04 top1diff=0.0000, eager|eager_nocap: kl=6.70e-04 top1diff=0.0000, eager_nocap|sdpa: kl=2.87e-04 top1diff=0.0000
03:11:35 seq 21 (chat, 158 tok): eager|flex_attention: kl=1.28e-04 top1diff=0.0000, eager|sdpa: kl=2.29e-04 top1diff=0.0063, eager|eager_nocap: kl=2.90e-04 top1diff=0.0127, eager_nocap|sdpa: kl=2.40e-04 top1diff=0.0190
03:11:43 seq 22 (chat, 166 tok): eager|flex_attention: kl=2.01e-04 top1diff=0.0000, eager|sdpa: kl=3.11e-04 top1diff=0.0000, eager|eager_nocap: kl=3.57e-04 top1diff=0.0060, eager_nocap|sdpa: kl=2.21e-04 top1diff=0.0060
03:11:50 seq 23 (chat, 159 tok): eager|flex_attention: kl=1.96e-04 top1diff=0.0000, eager|sdpa: kl=3.41e-04 top1diff=0.0000, eager|eager_nocap: kl=3.30e-04 top1diff=0.0000, eager_nocap|sdpa: kl=2.46e-04 top1diff=0.0000
03:11:58 seq 24 (chat, 160 tok): eager|flex_attention: kl=2.69e-04 top1diff=0.0125, eager|sdpa: kl=6.02e-04 top1diff=0.0125, eager|eager_nocap: kl=6.28e-04 top1diff=0.0063, eager_nocap|sdpa: kl=3.42e-04 top1diff=0.0125
03:12:03 seq 25 (chat, 48 tok): eager|flex_attention: kl=2.07e-04 top1diff=0.0417, eager|sdpa: kl=4.37e-04 top1diff=0.0000, eager|eager_nocap: kl=5.20e-04 top1diff=0.0000, eager_nocap|sdpa: kl=2.46e-04 top1diff=0.0000
03:12:11 seq 26 (chat, 78 tok): eager|flex_attention: kl=4.89e-04 top1diff=0.0128, eager|sdpa: kl=6.26e-04 top1diff=0.0128, eager|eager_nocap: kl=6.45e-04 top1diff=0.0385, eager_nocap|sdpa: kl=6.25e-04 top1diff=0.0513
03:12:18 seq 27 (chat, 152 tok): eager|flex_attention: kl=1.94e-04 top1diff=0.0000, eager|sdpa: kl=4.95e-04 top1diff=0.0066, eager|eager_nocap: kl=5.20e-04 top1diff=0.0066, eager_nocap|sdpa: kl=2.20e-04 top1diff=0.0000
03:12:26 seq 28 (chat, 153 tok): eager|flex_attention: kl=1.25e-04 top1diff=0.0065, eager|sdpa: kl=1.27e-04 top1diff=0.0000, eager|eager_nocap: kl=1.77e-04 top1diff=0.0065, eager_nocap|sdpa: kl=1.81e-04 top1diff=0.0065
03:12:31 seq 29 (chat, 153 tok): eager|flex_attention: kl=2.32e-04 top1diff=0.0065, eager|sdpa: kl=9.14e-04 top1diff=0.0000, eager|eager_nocap: kl=9.04e-04 top1diff=0.0065, eager_nocap|sdpa: kl=1.98e-04 top1diff=0.0065
03:14:40 seq 30 (doc, 4096 tok): eager|flex_attention: kl=5.33e-04 top1diff=0.0137, eager|sdpa: kl=1.19e-03 top1diff=0.0217, eager|eager_nocap: kl=1.18e-03 top1diff=0.0208, eager_nocap|sdpa: kl=4.79e-04 top1diff=0.0125
03:24:33 seq 31 (doc, 4096 tok): eager|flex_attention: kl=6.84e-04 top1diff=0.0063, eager|sdpa: kl=1.73e-03 top1diff=0.0103, eager|eager_nocap: kl=1.79e-03 top1diff=0.0098, eager_nocap|sdpa: kl=7.37e-04 top1diff=0.0073
03:39:59 seq 32 (doc, 4096 tok): eager|flex_attention: kl=2.36e-04 top1diff=0.0034, eager|sdpa: kl=6.15e-04 top1diff=0.0066, eager|eager_nocap: kl=6.27e-04 top1diff=0.0054, eager_nocap|sdpa: kl=2.41e-04 top1diff=0.0056
03:39:59 wrote <workspace>/issue_track/gemma2_softcap/results/e1fp32_9b.json
03:40:00 wrote <workspace>/issue_track/gemma2_softcap/results/e1fp32_9b_tokens.json
03:40:00 done
