W0927 06:49:35.627000 160654 torch/utils/_pytree.py:630] <enum 'KernelPreference'> is an Enum subclass and is now natively supported by torch.compile as an opaque value type. Calling register_constant() on Enum subclasses is deprecated and will be an error in a future release.
W0927 06:49:35.649000 160654 torch/utils/_pytree.py:630] <enum 'ScaleCalculationMode'> is an Enum subclass and is now natively supported by torch.compile as an opaque value type. Calling register_constant() on Enum subclasses is deprecated and will be an error in a future release.

Loading weights:   0%|          | 0/263 [00:00<?, ?it/s]
Loading weights:   9%|▊         | 23/263 [00:00<00:01, 220.40it/s]
Loading weights:  20%|██        | 53/263 [00:00<00:00, 252.69it/s]
Loading weights:  30%|███       | 79/263 [00:00<00:00, 244.85it/s]
Loading weights:  40%|███▉      | 104/263 [00:00<00:00, 222.54it/s]
Loading weights:  51%|█████     | 133/263 [00:00<00:00, 230.70it/s]
Loading weights:  60%|█████▉    | 157/263 [00:00<00:00, 203.72it/s]
Loading weights:  68%|██████▊   | 178/263 [00:00<00:00, 193.56it/s]
Loading weights: 100%|██████████| 263/263 [00:00<00:00, 311.71it/s]
[transformers] The following generation flags are not valid and may be ignored: ['top_p']. Set `TRANSFORMERS_VERBOSITY=info` for more details.
[transformers] `causal_conv1d_fn` is falling back to its reference PyTorch implementation because `causal_conv1d` is not installed. This is correct but much slower; install `causal_conv1d` for the optimized kernel.
[transformers] `mamba_chunk_scan_combined` is falling back to its reference PyTorch implementation because `mamba_ssm` is not installed. This is correct but much slower; install `mamba_ssm` for the optimized kernel.
[transformers] `causal_conv1d_update` is falling back to its reference PyTorch implementation because `causal_conv1d` is not installed. This is correct but much slower; install `causal_conv1d` for the optimized kernel.
[transformers] `selective_state_update` is falling back to its reference PyTorch implementation because `mamba_ssm` is not installed. This is correct but much slower; install `mamba_ssm` for the optimized kernel.
W0927 06:56:13.942000 160654 torch/_inductor/utils.py:1806] [0/0] Not enough SMs to use max_autotune_gemm mode
[W927 07:05:15.917490888 CUDACachingAllocator.cpp:3934] memory allocation failed with OOM on device 0 while trying to allocate 19327352832 bytes (free: 0, total: 12878086144).
[W927 07:05:18.606268297 CUDACachingAllocator.cpp:3934] memory allocation failed with OOM on device 0 while trying to allocate 19327352832 bytes (free: 69206016, total: 12878086144).
[W927 07:05:22.680429417 CUDACachingAllocator.cpp:3934] memory allocation failed with OOM on device 0 while trying to allocate 19327352832 bytes (free: 67108864, total: 12878086144).
[W927 07:05:27.671957890 CUDACachingAllocator.cpp:3934] memory allocation failed with OOM on device 0 while trying to allocate 19327352832 bytes (free: 69206016, total: 12878086144).
