W0923 03:52:38.875000 1498995 torch/utils/_pytree.py:630] <enum 'KernelPreference'> is an Enum subclass and is now natively supported by torch.compile as an opaque value type. Calling register_constant() on Enum subclasses is deprecated and will be an error in a future release.
W0923 03:52:38.902000 1498995 torch/utils/_pytree.py:630] <enum 'ScaleCalculationMode'> is an Enum subclass and is now natively supported by torch.compile as an opaque value type. Calling register_constant() on Enum subclasses is deprecated and will be an error in a future release.

Loading weights:   0%|          | 0/288 [00:00<?, ?it/s]
Loading weights: 100%|██████████| 288/288 [00:00<00:00, 3838.17it/s]
{"case": "17_sglang_torch_native_softcap", "reproduced": true, "defect_wrong": true, "fixed_right": true, "defect_silent": true, "seconds": 47.4}
# rolebench 결과

`run_all.py`가 `results/*.json`에서 만든다. 판정 정의는 `PROTOCOL.md`.

| 사례 | 사실 | 종류 | 재현 | 결함 판 최대 차이 | 수정 판 최대 차이 | 결함 판 최상위 토큰 일치 | 결함 판 조용함 | 초 |
|---|---|---|---|---|---|---|---|---|
| 01_reorder_layout | LAYOUT | mechanism | 예 | nan | 0 | 0.0 | 예 | 1.0 |
| 02_scale_pow2 | LAYOUT | mechanism | 예 | 151 | 8.36 | 1.0 | 예 | 1.0 |
| 03_strided_q | LAYOUT | mechanism | 예 | 28.6 | 2.86e-06 | 0.0 | 예 | 2.9 |
| 04_double_reduce | REDUCTION | mechanism | 예 | 19.7 | 2.86e-06 | 1.0 | 예 | 1.2 |
| 05_chunk_frame | FRAME | mechanism | 예 | 2.81 | 4.77e-07 | 0.172 | 예 | 3.1 |
| 06_mask_disables_window | PROPERTY | mechanism | 예 | 0.495 | 7.15e-07 | 0.448 | 예 | 2.4 |
| 07_tied_head | PROPERTY | mechanism | 예 | 1.97 | 0 | 0.0 | 예 | 0.2 |
| 08_gemma2_softcap | PROPERTY | real-engine | 예 | 1.77 | 2.81e-06 | 0.062 | 예 | 0.9 |
| 09_stale_graph | TIME | mechanism | 예 | 0.424 | 5.96e-08 | 0.5 | 예 | 1.2 |
| 10_flex_position_ref | TIME | real-engine | 예 | 1.36 | 5.96e-07 | 0.0 | 예 | 0.7 |
| 11_warmup_specialization | SPECIALIZATION | mechanism | 예 | 6.39 | 5.72e-06 | 0.5 | 예 | 3.5 |
| 12_session_restore | RANGE | mechanism | 예 | 1.23 | 0 | 1.0 | 예 | 0.9 |
| 14_beam_reorder | TIME | mechanism | 예 | 16 | 2.66e-15 | 1.0 | 예 | 0.9 |
| 15_config_alias | MAPPING | real-engine | 예 | 0.0244 | 0 | 0.98 | 예 | 0.2 |
| 16_fp8_as_bf16 | DTYPE | mechanism | 예 | 1.44e+03 | 0.933 | 0.812 | 예 | 0.9 |
| 17_sglang_torch_native_softcap | PROPERTY | real-engine | 예 | 5.98 | 0.267 | 0.0 | 예 | 47.4 |
# rolebench 검출 표

`detection_table.py`가 `results/*.json`에서 만든다.

| 사례 | 사실 | 재현 | 갈래 | 모드 | 검출 | 결함 판 오류 문구 | 수정 판 |
|---|---|---|---|---|---|---|---|
| 01_reorder_layout | LAYOUT | 예 | W | debug | 예 | second-path dequantize (interleaved reader): argument 'buf' Layout: expected (Layout(kind='q8_0', dtype=None,  | 오류 없음 |
| 02_scale_pow2 | LAYOUT | 예 | W | debug | 예 | DeepGEMM UE8M0 kernel: argument 'q' Layout: expected (Layout(kind='fp8_block', dtype=None, block=None, packing | 오류 없음 |
| 03_strided_q | LAYOUT | 예 | W | debug | 예 | kernel assuming packed Q rows: argument 'q' Layout: expected (Layout(kind='dense', dtype=None, block=None, pac | 오류 없음 |
| 04_double_reduce | REDUCTION | 예 | W | debug | 예 | dp_gather_partial (reduces its input): argument 'y' Reduction: expected Reduction(state='P', dim=None, group=N | 오류 없음 |
| 05_chunk_frame | FRAME | 예 | W | debug | 예 | mask builder (compares absolute positions): argument 'q_pos' Positions: expected Positions(frame='absolute', o | 오류 없음 |
| 06_mask_disables_window | PROPERTY | 예 | W | load | 예 | kernel with a custom mask implementing ['causal']: kernel does not honour declared model properties: sliding_w | 오류 없음 |
| 07_tied_head | PROPERTY | 예 | W | load | 예 | loader (declared tie): config declares tied embeddings but the checkpoint holds a different head | 오류 없음 |
| 08_gemma2_softcap | PROPERTY | 예 | W | load | 예 | transformers attention implementation 'sdpa' (Gemma 2): kernel does not honour declared model properties: soft | 오류 없음 |
| 09_stale_graph | TIME | 예 | W | debug | 예 | CUDA graph replay: graph captured for valid length 100 replayed with valid length 160 | 오류 없음 |
| 10_flex_position_ref | TIME | 예 | W | debug | 예 | flex attention (read-time contract): query offset was 64 when the mask was built but is 65 when attention read | 오류 없음 |
| 11_warmup_specialization | SPECIALIZATION | 예 | W | debug | 예 | compiled graph reuse: artifact built for {'extra_rows_zero': True} reused for {'extra_rows_zero': False} | 오류 없음 |
| 12_session_restore | RANGE | 예 | W | load | 예 | decode after session restore: position 12 does not follow the valid KV length 11 (Valid.length) | 오류 없음 |
| 14_beam_reorder | TIME | 예 | W | debug | 예 | beam step: beam-axis cache entries not reordered: ['ssm_state'] | 오류 없음 |
| 15_config_alias | MAPPING | 예 | W | load | 예 | transformers LlamaConfig: unrecognised config keys ['rope_scale'] | 오류 없음 |
| 16_fp8_as_bf16 | DTYPE | 예 | W | debug | 예 | LoRA path (expects unquantized activations): argument 'x' Quantized: expected (Quantized(dtype='float32', scal | 오류 없음 |
| 17_sglang_torch_native_softcap | PROPERTY | 예 | W | load | 예 | SGLang attention backend 'torch_native' (Gemma 2): kernel does not honour declared model properties: softcap=5 | 오류 없음 |

{
 "reproduced": 16,
 "fact_kinds": [
  "DTYPE",
  "FRAME",
  "LAYOUT",
  "MAPPING",
  "PROPERTY",
  "RANGE",
  "REDUCTION",
  "SPECIALIZATION",
  "TIME"
 ],
 "real_engine": [
  "08_gemma2_softcap",
  "10_flex_position_ref",
  "15_config_alias",
  "17_sglang_torch_native_softcap"
 ],
 "not_reproduced": [],
 "G1_measurable": true
}
