[transformers] The fast path is not available because one of `(selective_state_update, causal_conv1d_fn, causal_conv1d_update)` is None. Falling back to the naive implementation. To install follow https://github.com/state-spaces/mamba/#installation and https://github.com/Dao-AILab/causal-conv1d

Loading weights:   0%|          | 0/263 [00:00<?, ?it/s]
Loading weights: 100%|██████████| 263/263 [00:00<00:00, 2732.89it/s]
[transformers] The following generation flags are not valid and may be ignored: ['top_p']. Set `TRANSFORMERS_VERBOSITY=info` for more details.
Traceback (most recent call last):
  File "<workspace>/lowlevel/l2/hf_worker.py", line 158, in <module>
    main()
  File "<workspace>/lowlevel/l2/hf_worker.py", line 76, in main
    model = AutoModelForCausalLM.from_pretrained(model_path, dtype=torch.bfloat16, attn_implementation="eager").cuda()
            ^^^^^^^^^^^^^^^^^^^^^^^^^^^^^^^^^^^^^^^^^^^^^^^^^^^^^^^^^^^^^^^^^^^^^^^^^^^^^^^^^^^^^^^^^^^^^^^^^^^^^^^^^^
  File "/home/<user>/venvs/tf5121/lib/python3.12/site-packages/transformers/modeling_utils.py", line 3668, in cuda
    return super().cuda(*args, **kwargs)
           ^^^^^^^^^^^^^^^^^^^^^^^^^^^^^
  File "/home/<user>/venvs/tf5121/lib/python3.12/site-packages/torch/nn/modules/module.py", line 1098, in cuda
    return self._apply(lambda t: t.cuda(device))
           ^^^^^^^^^^^^^^^^^^^^^^^^^^^^^^^^^^^^^
  File "/home/<user>/venvs/tf5121/lib/python3.12/site-packages/torch/nn/modules/module.py", line 933, in _apply
    module._apply(fn)
  File "/home/<user>/venvs/tf5121/lib/python3.12/site-packages/torch/nn/modules/module.py", line 933, in _apply
    module._apply(fn)
  File "/home/<user>/venvs/tf5121/lib/python3.12/site-packages/torch/nn/modules/module.py", line 966, in _apply
    param_applied = fn(param)
                    ^^^^^^^^^
  File "/home/<user>/venvs/tf5121/lib/python3.12/site-packages/torch/nn/modules/module.py", line 1098, in <lambda>
    return self._apply(lambda t: t.cuda(device))
                                 ^^^^^^^^^^^^^^
  File "/home/<user>/venvs/tf5121/lib/python3.12/site-packages/torch/cuda/__init__.py", line 584, in _lazy_init
    raise AssertionError("Torch not compiled with CUDA enabled")
AssertionError: Torch not compiled with CUDA enabled
