W0922 21:42:14.675000 386 torch/utils/_pytree.py:630] <enum 'KernelPreference'> is an Enum subclass and is now natively supported by torch.compile as an opaque value type. Calling register_constant() on Enum subclasses is deprecated and will be an error in a future release.
W0922 21:42:14.720000 386 torch/utils/_pytree.py:630] <enum 'ScaleCalculationMode'> is an Enum subclass and is now natively supported by torch.compile as an opaque value type. Calling register_constant() on Enum subclasses is deprecated and will be an error in a future release.

Loading weights:   0%|          | 0/398 [00:00<?, ?it/s]
Loading weights:   5%|▌         | 20/398 [00:00<00:01, 194.01it/s]
Loading weights:  10%|█         | 40/398 [00:00<00:02, 167.23it/s]
Loading weights:  15%|█▌        | 61/398 [00:00<00:01, 176.37it/s]
Loading weights:  20%|█▉        | 79/398 [00:00<00:02, 124.20it/s]
Loading weights:  24%|██▎       | 94/398 [00:00<00:02, 126.76it/s]
Loading weights:  28%|██▊       | 112/398 [00:00<00:02, 139.22it/s]
Loading weights:  32%|███▏      | 128/398 [00:00<00:01, 144.20it/s]
Loading weights:  36%|███▌      | 144/398 [00:01<00:01, 141.43it/s]
Loading weights:  40%|███▉      | 159/398 [00:01<00:01, 136.46it/s]
Loading weights:  44%|████▎     | 174/398 [00:01<00:01, 138.54it/s]
Loading weights:  47%|████▋     | 189/398 [00:01<00:01, 137.55it/s]
Loading weights:  52%|█████▏    | 206/398 [00:01<00:01, 142.21it/s]
Loading weights:  56%|█████▋    | 224/398 [00:01<00:01, 150.49it/s]
Loading weights: 100%|██████████| 398/398 [00:01<00:00, 246.65it/s]
USDT:2026-09-22 21:42:33 386:386 SyncActivityProfilerHandler.cpp:39] profiler_start
USDT:2026-09-22 21:42:37 386:386 SyncActivityProfilerHandler.cpp:46] profiler_stop
B8_padded_stock 3.226 s | 158.7 tok/s | {'gemm': 1561.7, 'copy_elementwise': 826.4, 'attention': 458.2, 'other': 0.1}
   top: [('void cutlass::Kernel2<cutlass_80_wmma_tensorop_bf16_s161616g', 1190.2), ('void at::native::elementwise_kernel<128, 4, at::native::gpu_', 465.2), ('fmha_cutlassF_bf16_aligned_64x128_rf_sm80(PyTorchMemEffAtten', 458.2), ('void cutlass::Kernel2<cutlass_80_tensorop_bf16_s16816gemm_re', 223.3)]
USDT:2026-09-22 21:42:58 386:386 SyncActivityProfilerHandler.cpp:39] profiler_start
USDT:2026-09-22 21:43:02 386:386 SyncActivityProfilerHandler.cpp:46] profiler_stop
B8_padded_gqa_declared 3.252 s | 157.5 tok/s | {'gemm': 1663.7, 'copy_elementwise': 453.5, 'attention': 348.4, 'other': 0.1}
   top: [('void cutlass::Kernel2<cutlass_80_wmma_tensorop_bf16_s161616g', 1285.1), ('fmha_cutlassF_bf16_aligned_64x128_rf_sm80(PyTorchMemEffAtten', 348.4), ('void cutlass::Kernel2<cutlass_80_tensorop_bf16_s16816gemm_re', 227.6), ('void at::native::vectorized_elementwise_kernel<4, at::native', 138.3)]
USDT:2026-09-22 21:43:20 386:386 SyncActivityProfilerHandler.cpp:39] profiler_start
USDT:2026-09-22 21:43:24 386:386 SyncActivityProfilerHandler.cpp:46] profiler_stop
B1_nopad_stock 2.686 s | 23.8 tok/s | {'gemm': 1237.1, 'copy_elementwise': 187.7, 'attention': 24.2, 'other': 0.1}
   top: [('std::enable_if<!(false), void>::type internal::gemvx::kernel', 1181.5), ('void at::native::vectorized_elementwise_kernel<4, at::native', 61.9), ('void cutlass::Kernel2<cutlass_80_tensorop_bf16_s16816gemm_re', 40.8), ('void at::native::elementwise_kernel<128, 4, at::native::gpu_', 35.1)]
B8 greedy outputs identical rows (stock vs gqa_declared): 8 of 8
