W0927 23:19:22.921000 16704 torch/utils/_pytree.py:630] <enum 'KernelPreference'> is an Enum subclass and is now natively supported by torch.compile as an opaque value type. Calling register_constant() on Enum subclasses is deprecated and will be an error in a future release.
W0927 23:19:22.942000 16704 torch/utils/_pytree.py:630] <enum 'ScaleCalculationMode'> is an Enum subclass and is now natively supported by torch.compile as an opaque value type. Calling register_constant() on Enum subclasses is deprecated and will be an error in a future release.

Loading weights:   0%|          | 0/398 [00:00<?, ?it/s]
Loading weights:  12%|█▏        | 47/398 [00:00<00:00, 448.76it/s]
Loading weights:  23%|██▎       | 92/398 [00:00<00:00, 432.20it/s]
Loading weights:  34%|███▍      | 136/398 [00:00<00:00, 283.66it/s]
Loading weights:  42%|████▏     | 169/398 [00:00<00:01, 171.11it/s]
Loading weights:  48%|████▊     | 193/398 [00:01<00:01, 141.52it/s]
Loading weights:  53%|█████▎    | 212/398 [00:01<00:01, 100.59it/s]
Loading weights:  57%|█████▋    | 226/398 [00:01<00:01, 90.41it/s] 
Loading weights:  60%|█████▉    | 238/398 [00:01<00:01, 80.59it/s]
Loading weights:  62%|██████▏   | 248/398 [00:02<00:02, 71.14it/s]
Loading weights:  64%|██████▍   | 256/398 [00:02<00:02, 62.61it/s]
Loading weights:  67%|██████▋   | 267/398 [00:02<00:02, 59.27it/s]
Loading weights:  70%|██████▉   | 278/398 [00:02<00:02, 54.59it/s]
Loading weights:  73%|███████▎  | 289/398 [00:02<00:02, 52.97it/s]
Loading weights:  75%|███████▌  | 300/398 [00:03<00:01, 53.28it/s]
Loading weights:  78%|███████▊  | 311/398 [00:03<00:01, 53.33it/s]
Loading weights:  81%|████████  | 322/398 [00:03<00:01, 52.31it/s]
Loading weights:  84%|████████▎ | 333/398 [00:03<00:01, 52.95it/s]
Loading weights:  86%|████████▋ | 344/398 [00:04<00:01, 52.94it/s]
Loading weights:  89%|████████▉ | 355/398 [00:04<00:00, 51.10it/s]
Loading weights:  92%|█████████▏| 366/398 [00:04<00:00, 45.40it/s]
Loading weights:  95%|█████████▍| 377/398 [00:05<00:00, 32.19it/s]
Loading weights:  96%|█████████▌| 381/398 [00:06<00:01, 16.54it/s]
Loading weights:  98%|█████████▊| 389/398 [00:06<00:00, 19.75it/s]
Loading weights: 100%|██████████| 398/398 [00:06<00:00, 62.88it/s]
RESULT {"engine": "hf", "model": "/home/<user>/models/m10/Qwen__Qwen3-4B-Instruct-2507", "dtype": "float32", "device": "cpu", "layers": "model.layers: 36 x ['Qwen3DecoderLayer']", "probes": {"story_a": {"tokens": 207, "layers": 36}, "story_b": {"tokens": 204, "layers": 36}, "code": {"tokens": 95, "layers": 36}, "numbers": {"tokens": 69, "layers": 36}, "repeat": {"tokens": 53, "layers": 36}, "short": {"tok
