<workspace>/phase0/week4/e3b_mask_scaling.py:109: DeprecationWarning: _compile flag on create_block_mask was originally added to work around a torch.compile limitation. That limitation has since been addressed. So, to compile create_block_mask, we suggest doing torch.compile(create_block_mask). This still works for now, but will be removed in the future.
  red = create_block_mask(mm, None, None, N, N, device="cuda", _compile=True)
<workspace>/phase0/week4/e3b_mask_scaling.py:113: DeprecationWarning: _compile flag on create_block_mask was originally added to work around a torch.compile limitation. That limitation has since been addressed. So, to compile create_block_mask, we suggest doing torch.compile(create_block_mask). This still works for now, but will be removed in the future.
  lambda: create_block_mask(mm, None, None, N, N, device="cuda", _compile=True), 20)
{'N': 2048, 'documents': 2, 'declared_ms': 1.4723, 'rediscover_compiled_first_call_s': 3.4816, 'rediscover_compiled_ms': 0.999, 'rediscover_eager_ms': 4.3996, 'same_partial_blocks': True, 'same_full_blocks': True, 'blocks_total': 136, 'blocks_partial': 31, 'blocks_full': 105, 'outputs_bitwise_equal': True, 'outputs_max_abs_diff': 0.0, 'flex_attention_fwd_ms': 0.7157, 'rediscover_compiled_share_of_attention_in_forward': 0.0388, 'declared_share_of_attention_in_forward': 0.0571}
<workspace>/phase0/week4/e3b_mask_scaling.py:109: DeprecationWarning: _compile flag on create_block_mask was originally added to work around a torch.compile limitation. That limitation has since been addressed. So, to compile create_block_mask, we suggest doing torch.compile(create_block_mask). This still works for now, but will be removed in the future.
  red = create_block_mask(mm, None, None, N, N, device="cuda", _compile=True)
<workspace>/phase0/week4/e3b_mask_scaling.py:113: DeprecationWarning: _compile flag on create_block_mask was originally added to work around a torch.compile limitation. That limitation has since been addressed. So, to compile create_block_mask, we suggest doing torch.compile(create_block_mask). This still works for now, but will be removed in the future.
  lambda: create_block_mask(mm, None, None, N, N, device="cuda", _compile=True), 20)
{'N': 4096, 'documents': 4, 'declared_ms': 1.3525, 'rediscover_compiled_first_call_s': 3.8918, 'rediscover_compiled_ms': 1.0189, 'rediscover_eager_ms': 4.6076, 'same_partial_blocks': True, 'same_full_blocks': True, 'blocks_total': 528, 'blocks_partial': 67, 'blocks_full': 226, 'outputs_bitwise_equal': True, 'outputs_max_abs_diff': 0.0, 'flex_attention_fwd_ms': 1.4175, 'rediscover_compiled_share_of_attention_in_forward': 0.02, 'declared_share_of_attention_in_forward': 0.0265}
<workspace>/phase0/week4/e3b_mask_scaling.py:109: DeprecationWarning: _compile flag on create_block_mask was originally added to work around a torch.compile limitation. That limitation has since been addressed. So, to compile create_block_mask, we suggest doing torch.compile(create_block_mask). This still works for now, but will be removed in the future.
  red = create_block_mask(mm, None, None, N, N, device="cuda", _compile=True)
<workspace>/phase0/week4/e3b_mask_scaling.py:113: DeprecationWarning: _compile flag on create_block_mask was originally added to work around a torch.compile limitation. That limitation has since been addressed. So, to compile create_block_mask, we suggest doing torch.compile(create_block_mask). This still works for now, but will be removed in the future.
  lambda: create_block_mask(mm, None, None, N, N, device="cuda", _compile=True), 20)
{'N': 8192, 'documents': 8, 'declared_ms': 1.5066, 'rediscover_compiled_first_call_s': 0.0024, 'rediscover_compiled_ms': 0.974, 'rediscover_eager_ms': 7.2329, 'same_partial_blocks': True, 'same_full_blocks': True, 'blocks_total': 2080, 'blocks_partial': 168, 'blocks_full': 282, 'outputs_bitwise_equal': True, 'outputs_max_abs_diff': 0.0, 'flex_attention_fwd_ms': 4.4404, 'rediscover_compiled_share_of_attention_in_forward': 0.0061, 'declared_share_of_attention_in_forward': 0.0094}
<workspace>/phase0/week4/e3b_mask_scaling.py:109: DeprecationWarning: _compile flag on create_block_mask was originally added to work around a torch.compile limitation. That limitation has since been addressed. So, to compile create_block_mask, we suggest doing torch.compile(create_block_mask). This still works for now, but will be removed in the future.
  red = create_block_mask(mm, None, None, N, N, device="cuda", _compile=True)
<workspace>/phase0/week4/e3b_mask_scaling.py:113: DeprecationWarning: _compile flag on create_block_mask was originally added to work around a torch.compile limitation. That limitation has since been addressed. So, to compile create_block_mask, we suggest doing torch.compile(create_block_mask). This still works for now, but will be removed in the future.
  lambda: create_block_mask(mm, None, None, N, N, device="cuda", _compile=True), 20)
{'N': 16384, 'documents': 16, 'declared_ms': 1.4596, 'rediscover_compiled_first_call_s': 0.0041, 'rediscover_compiled_ms': 3.1185, 'rediscover_eager_ms': 21.9532, 'same_partial_blocks': True, 'same_full_blocks': True, 'blocks_total': 8256, 'blocks_partial': 307, 'blocks_full': 720, 'outputs_bitwise_equal': True, 'outputs_max_abs_diff': 0.0, 'flex_attention_fwd_ms': 4.6793, 'rediscover_compiled_share_of_attention_in_forward': 0.0185, 'declared_share_of_attention_in_forward': 0.0087}
<workspace>/phase0/week4/e3b_mask_scaling.py:109: DeprecationWarning: _compile flag on create_block_mask was originally added to work around a torch.compile limitation. That limitation has since been addressed. So, to compile create_block_mask, we suggest doing torch.compile(create_block_mask). This still works for now, but will be removed in the future.
  red = create_block_mask(mm, None, None, N, N, device="cuda", _compile=True)
<workspace>/phase0/week4/e3b_mask_scaling.py:113: DeprecationWarning: _compile flag on create_block_mask was originally added to work around a torch.compile limitation. That limitation has since been addressed. So, to compile create_block_mask, we suggest doing torch.compile(create_block_mask). This still works for now, but will be removed in the future.
  lambda: create_block_mask(mm, None, None, N, N, device="cuda", _compile=True), 20)
{'N': 32768, 'documents': 32, 'declared_ms': 1.4223, 'rediscover_compiled_first_call_s': 0.0055, 'rediscover_compiled_ms': 5.025, 'same_partial_blocks': True, 'same_full_blocks': True, 'blocks_total': 32896, 'blocks_partial': 707, 'blocks_full': 1963, 'outputs_bitwise_equal': True, 'outputs_max_abs_diff': 0.0, 'flex_attention_fwd_ms': 11.0701, 'rediscover_compiled_share_of_attention_in_forward': 0.0126, 'declared_share_of_attention_in_forward': 0.0036}
saved <workspace>/phase0/week4/results/e3b_mask_scaling.json
