<workspace>/phase0/week4/e3b_mask_scaling.py:148: DeprecationWarning: _compile flag on create_block_mask was originally added to work around a torch.compile limitation. That limitation has since been addressed. So, to compile create_block_mask, we suggest doing torch.compile(create_block_mask). This still works for now, but will be removed in the future.
  red = create_block_mask(mm, None, None, N, N, device="cuda", _compile=True)
<workspace>/phase0/week4/e3b_mask_scaling.py:152: DeprecationWarning: _compile flag on create_block_mask was originally added to work around a torch.compile limitation. That limitation has since been addressed. So, to compile create_block_mask, we suggest doing torch.compile(create_block_mask). This still works for now, but will be removed in the future.
  lambda: create_block_mask(mm, None, None, N, N, device="cuda", _compile=True), 20)
{'N': 4096, 'documents': 4, 'declared_ms': 1.3865, 'declared_compiled_ms': 1.6176, 'declared_compiled_same_blocks': True, 'blockmask_construction_only_ms': 1.1037, 'rediscover_compiled_first_call_s': 2.2622, 'rediscover_compiled_ms': 0.9046, 'rediscover_eager_ms': 4.7042, 'same_partial_blocks': True, 'same_full_blocks': True, 'blocks_total': 528, 'blocks_partial': 67, 'blocks_full': 226, 'outputs_bitwise_equal': True, 'outputs_max_abs_diff': 0.0, 'flex_attention_fwd_ms': 1.3905, 'rediscover_compiled_share_of_attention_in_forward': 0.0181, 'declared_share_of_attention_in_forward': 0.0277, 'declared_compiled_share_of_attention_in_forward': 0.0323}
<workspace>/phase0/week4/e3b_mask_scaling.py:148: DeprecationWarning: _compile flag on create_block_mask was originally added to work around a torch.compile limitation. That limitation has since been addressed. So, to compile create_block_mask, we suggest doing torch.compile(create_block_mask). This still works for now, but will be removed in the future.
  red = create_block_mask(mm, None, None, N, N, device="cuda", _compile=True)
<workspace>/phase0/week4/e3b_mask_scaling.py:152: DeprecationWarning: _compile flag on create_block_mask was originally added to work around a torch.compile limitation. That limitation has since been addressed. So, to compile create_block_mask, we suggest doing torch.compile(create_block_mask). This still works for now, but will be removed in the future.
  lambda: create_block_mask(mm, None, None, N, N, device="cuda", _compile=True), 20)
{'N': 16384, 'documents': 16, 'declared_ms': 1.3634, 'declared_compiled_ms': 1.3988, 'declared_compiled_same_blocks': True, 'blockmask_construction_only_ms': 0.934, 'rediscover_compiled_first_call_s': 1.5937, 'rediscover_compiled_ms': 1.5909, 'rediscover_eager_ms': 19.4347, 'same_partial_blocks': True, 'same_full_blocks': True, 'blocks_total': 8256, 'blocks_partial': 307, 'blocks_full': 720, 'outputs_bitwise_equal': True, 'outputs_max_abs_diff': 0.0, 'flex_attention_fwd_ms': 4.3722, 'rediscover_compiled_share_of_attention_in_forward': 0.0101, 'declared_share_of_attention_in_forward': 0.0087, 'declared_compiled_share_of_attention_in_forward': 0.0089}
<workspace>/phase0/week4/e3b_mask_scaling.py:148: DeprecationWarning: _compile flag on create_block_mask was originally added to work around a torch.compile limitation. That limitation has since been addressed. So, to compile create_block_mask, we suggest doing torch.compile(create_block_mask). This still works for now, but will be removed in the future.
  red = create_block_mask(mm, None, None, N, N, device="cuda", _compile=True)
<workspace>/phase0/week4/e3b_mask_scaling.py:152: DeprecationWarning: _compile flag on create_block_mask was originally added to work around a torch.compile limitation. That limitation has since been addressed. So, to compile create_block_mask, we suggest doing torch.compile(create_block_mask). This still works for now, but will be removed in the future.
  lambda: create_block_mask(mm, None, None, N, N, device="cuda", _compile=True), 20)
{'N': 32768, 'documents': 32, 'declared_ms': 1.3191, 'declared_compiled_ms': 1.2586, 'declared_compiled_same_blocks': True, 'blockmask_construction_only_ms': 0.9158, 'rediscover_compiled_first_call_s': 0.0053, 'rediscover_compiled_ms': 4.3829, 'same_partial_blocks': True, 'same_full_blocks': True, 'blocks_total': 32896, 'blocks_partial': 707, 'blocks_full': 1963, 'outputs_bitwise_equal': True, 'outputs_max_abs_diff': 0.0, 'flex_attention_fwd_ms': 11.0705, 'rediscover_compiled_share_of_attention_in_forward': 0.011, 'declared_share_of_attention_in_forward': 0.0033, 'declared_compiled_share_of_attention_in_forward': 0.0032}
<workspace>/phase0/week4/e3b_mask_scaling.py:148: DeprecationWarning: _compile flag on create_block_mask was originally added to work around a torch.compile limitation. That limitation has since been addressed. So, to compile create_block_mask, we suggest doing torch.compile(create_block_mask). This still works for now, but will be removed in the future.
  red = create_block_mask(mm, None, None, N, N, device="cuda", _compile=True)
<workspace>/phase0/week4/e3b_mask_scaling.py:152: DeprecationWarning: _compile flag on create_block_mask was originally added to work around a torch.compile limitation. That limitation has since been addressed. So, to compile create_block_mask, we suggest doing torch.compile(create_block_mask). This still works for now, but will be removed in the future.
  lambda: create_block_mask(mm, None, None, N, N, device="cuda", _compile=True), 20)
{'N': 65536, 'documents': 65, 'declared_ms': 1.3207, 'declared_compiled_ms': 1.3747, 'declared_compiled_same_blocks': True, 'blockmask_construction_only_ms': 0.9783, 'rediscover_compiled_first_call_s': 3.8277, 'rediscover_compiled_ms': 14.7942, 'same_partial_blocks': True, 'same_full_blocks': True, 'blocks_total': 131328, 'blocks_partial': 1465, 'blocks_full': 3551, 'outputs_bitwise_equal': True, 'outputs_max_abs_diff': 0.0, 'flex_attention_fwd_ms': 19.1834, 'rediscover_compiled_share_of_attention_in_forward': 0.0214, 'declared_share_of_attention_in_forward': 0.0019, 'declared_compiled_share_of_attention_in_forward': 0.002}
<workspace>/phase0/week4/e3b_mask_scaling.py:148: DeprecationWarning: _compile flag on create_block_mask was originally added to work around a torch.compile limitation. That limitation has since been addressed. So, to compile create_block_mask, we suggest doing torch.compile(create_block_mask). This still works for now, but will be removed in the future.
  red = create_block_mask(mm, None, None, N, N, device="cuda", _compile=True)
<workspace>/phase0/week4/e3b_mask_scaling.py:152: DeprecationWarning: _compile flag on create_block_mask was originally added to work around a torch.compile limitation. That limitation has since been addressed. So, to compile create_block_mask, we suggest doing torch.compile(create_block_mask). This still works for now, but will be removed in the future.
  lambda: create_block_mask(mm, None, None, N, N, device="cuda", _compile=True), 20)
{'N': 131072, 'documents': 131, 'declared_ms': 2.8309, 'declared_compiled_ms': 1.8129, 'declared_compiled_same_blocks': True, 'blockmask_construction_only_ms': 1.2336, 'rediscover_compiled_first_call_s': 0.0604, 'rediscover_compiled_ms': 60.0702, 'same_partial_blocks': True, 'same_full_blocks': True, 'blocks_total': 524800, 'blocks_partial': 2925, 'blocks_full': 5238, 'outputs_bitwise_equal': True, 'outputs_max_abs_diff': 0.0, 'flex_attention_fwd_ms': 34.3997, 'rediscover_compiled_share_of_attention_in_forward': 0.0485, 'declared_share_of_attention_in_forward': 0.0023, 'declared_compiled_share_of_attention_in_forward': 0.0015}
saved results/e3b_mask_scaling_v2.json
