== diag start 21:05:29
A_empty_slot {"hf_flex_vs_sdpa": {"max_abs": 0.0625, "mean_abs": 0.011438418179750443, "same_top1": true}, "hf_flex_vs_hand_reading_p+2": {"max_abs": 0.078125, "mean_abs": 0.012590900994837284, "same_top1": true}, "hand_p+1_vs_sdpa (sanity)": {"max_abs": 0.09375, "mean_abs": 0.01346441451460123, "same_top1": true}, "logit_scale": 14.0}
B_stale_slot {"hf_flex_vs_sdpa": {"max_abs": 0.8125, "mean_abs": 0.04977395758032799, "same_top1": true}, "hf_flex_vs_hand_reading_p+2": {"max_abs": 0.0703125, "mean_abs": 0.014096999540925026, "same_top1": true}, "hand_p+1_vs_sdpa (sanity)": {"max_abs": 0.09375, "mean_abs": 0.01346441451460123, "same_top1": true}, "logit_scale": 14.0}
C_stale_slot_offset_snapshot {"hf_flex_vs_sdpa": {"max_abs": 0.09375, "mean_abs": 0.023020541295409203, "same_top1": true}, "hf_flex_vs_hand_reading_p+2": {"max_abs": 0.75, "mean_abs": 0.04696621000766754, "same_top1": true}, "hand_p+1_vs_sdpa (sanity)": {"max_abs": 0.09375, "mean_abs": 0.01346441451460123, "same_top1": true}, "logit_scale": 14.0}
== e6 start 21:05:39
triton {"max_abs_vs_reference": 0.001928865909576416, "per_row_max": [0.0, 0.001095592975616455, 0.001928865909576416, 0.0009734034538269043, 0.0009663701057434082, 0.0009318888187408447], "gpu_ms_per_call": 0.1900048065185547}
flex {"max_abs_vs_reference": 0.001928865909576416, "per_row_max": [0.0, 0.0013861656188964844, 0.001928865909576416, 0.0010189414024353027, 0.0010062456130981445, 0.0010212361812591553], "gpu_ms_per_call": 1.547085723876953}
same meaning: True | swap under flex: role '키' takes Key, got Value
== e3 extra start 21:05:47
  B=1 sdpa: {'first_call_s': 5.793291646999933, 'attention_kernels': ['fmha_cutlassF_bf16_aligned_64x128_rf_sm80(PyTorchMemEffAttention::AttentionKerne'], 'n_kernel_types': 28}
  B=1 flex_declared: {'first_call_s': 8.409568661999856, 'attention_kernels': ['triton_per_fused__to_copy_add_arange_bmm_cat_expand_flex_attention_mean_mul_pow_', 'triton_per_fused__to_copy_add_arange_bmm_cat_expand_flex_attention_mean_mul_pow_', 'triton_tem_fused__to_copy_add_arange_bmm_cat_expand_flex_attention_mean_mul_pow_'], 'n_kernel_types': 29}
  B=1 flex_rediscover: {'first_call_s': 0.01791763000028368, 'error': "AcceleratorError: CUDA error: operation failed due to a previous error during capture\nSearch for `cudaErrorStreamCaptureInvalidated' in https://docs.nvidia.com/cuda/cuda-runtime-api/group__CUDART__TYPES.html for more information.\n"}
  B=1 flex_rediscover_host: {'first_call_s': 0.01152511999998751, 'attention_kernels': ['triton_per_fused__to_copy_add_arange_bmm_cat_expand_flex_attention_mean_mul_pow_', 'triton_per_fused__to_copy_add_arange_bmm_cat_expand_flex_attention_mean_mul_pow_', 'triton_tem_fused__to_copy_add_arange_bmm_cat_expand_flex_attention_mean_mul_pow_'], 'n_kernel_types': 26}
  B=1 flex_rediscover_compiled: {'first_call_s': 4.212353687999894, 'attention_kernels': ['triton_per_fused__to_copy_add_arange_bmm_cat_expand_flex_attention_mean_mul_pow_', 'triton_per_fused__to_copy_add_arange_bmm_cat_expand_flex_attention_mean_mul_pow_', 'triton_tem_fused__to_copy_add_arange_bmm_cat_expand_flex_attention_mean_mul_pow_'], 'n_kernel_types': 35}
  flex pairwise bitwise: {'flex_declared~flex_rediscover_host': False, 'flex_declared~flex_rediscover_compiled': False, 'flex_rediscover_host~flex_rediscover_compiled': True} | metadata same: False
  correctness vs sdpa over 6 advancing steps (max|diff|, top1 agree): {'sdpa': (0.0, 1.0), 'flex_declared': (0.188, 1.0), 'flex_rediscover_host': (0.25, 1.0), 'flex_rediscover_compiled': (0.25, 1.0)}
  metadata cost alone: {'declared arithmetic': {'gpu_us_in_graph': 14.262, 'eager_host_ms': 0.201}, 'slice precomputed causal': {'gpu_us_in_graph': 12.554, 'eager_host_ms': 0.172}, 'create_block_mask (rediscover)': {'gpu_us_in_graph': 79.981, 'eager_host_ms': 3.485, 'host_between_replays_ms': 3.065}, 'create_block_mask compiled (rediscover)': {'gpu_us_in_graph': 31.277, 'eager_host_ms': 1.013}}
  B=1 int4 (advancing positions): interleaved 8 rounds x 48 steps, baseline sdpa
    sdpa             median    9.18 ms (p10 9.11, p90 9.35)
    flex_declared    median    7.07 ms (p10 7.00, p90 7.21) | vs sdpa: x0.769 [p10 0.762, p90 0.772] faster in 100% of rounds
    flex_rediscover_host median   11.37 ms (p10 10.64, p90 12.56) | vs sdpa: x1.243 [p10 1.169, p90 1.247] faster in 0% of rounds
    flex_rediscover_compiled median    7.11 ms (p10 6.66, p90 7.22) | vs sdpa: x0.775 [p10 0.712, p90 0.778] faster in 100% of rounds
  B=8 sdpa: {'first_call_s': 8.680433813000036, 'attention_kernels': ['fmha_cutlassF_bf16_aligned_64x128_rf_sm80(PyTorchMemEffAttention::AttentionKerne'], 'n_kernel_types': 28}
  B=8 flex_declared: {'first_call_s': 13.207612014999995, 'attention_kernels': ['triton_poi_fused__to_copy_add_arange_bmm_cat_expand_flex_attention_mean_mul_pow_', 'triton_tem_fused__to_copy_add_arange_bmm_cat_expand_flex_attention_mean_mul_pow_'], 'n_kernel_types': 29}
  B=8 flex_rediscover: {'first_call_s': 0.016472640999836585, 'attention_kernels': ['triton_poi_fused__to_copy_add_arange_bmm_cat_expand_flex_attention_mean_mul_pow_', 'triton_tem_fused__to_copy_add_arange_bmm_cat_expand_flex_attention_mean_mul_pow_'], 'n_kernel_types': 46}
  B=8 flex_rediscover_host: {'first_call_s': 0.014408749000267562, 'attention_kernels': ['triton_poi_fused__to_copy_add_arange_bmm_cat_expand_flex_attention_mean_mul_pow_', 'triton_tem_fused__to_copy_add_arange_bmm_cat_expand_flex_attention_mean_mul_pow_'], 'n_kernel_types': 26}
  B=8 flex_rediscover_compiled: {'first_call_s': 4.389227848000246, 'attention_kernels': ['triton_poi_fused__to_copy_add_arange_bmm_cat_expand_flex_attention_mean_mul_pow_', 'triton_tem_fused__to_copy_add_arange_bmm_cat_expand_flex_attention_mean_mul_pow_'], 'n_kernel_types': 35}
  flex pairwise bitwise: {'flex_declared~flex_rediscover': False, 'flex_declared~flex_rediscover_host': False, 'flex_declared~flex_rediscover_compiled': False, 'flex_rediscover~flex_rediscover_host': True, 'flex_rediscover~flex_rediscover_compiled': True, 'flex_rediscover_host~flex_rediscover_compiled': True} | metadata same: False
  correctness vs sdpa over 6 advancing steps (max|diff|, top1 agree): {'sdpa': (0.0, 1.0), 'flex_declared': (0.281, 0.9583333730697632), 'flex_rediscover': (0.312, 0.9583333730697632), 'flex_rediscover_host': (0.312, 0.9583333730697632), 'flex_rediscover_compiled': (0.312, 0.9583333730697632)}
  metadata cost alone: {'declared arithmetic': {'gpu_us_in_graph': 12.164, 'eager_host_ms': 0.202}, 'slice precomputed causal': {'gpu_us_in_graph': 12.323, 'eager_host_ms': 0.178}, 'create_block_mask (rediscover)': {'gpu_us_in_graph': 85.685, 'eager_host_ms': 3.554, 'host_between_replays_ms': 3.14}, 'create_block_mask compiled (rediscover)': {'gpu_us_in_graph': 31.371, 'eager_host_ms': 1.015}}
  B=8 int4 (advancing positions): interleaved 8 rounds x 48 steps, baseline sdpa
    sdpa             median   23.24 ms (p10 21.47, p90 23.49)
    flex_declared    median    9.24 ms (p10 8.53, p90 9.43) | vs sdpa: x0.399 [p10 0.365, p90 0.429] faster in 100% of rounds
    flex_rediscover  median    9.38 ms (p10 8.66, p90 9.62) | vs sdpa: x0.404 [p10 0.381, p90 0.406] faster in 100% of rounds
    flex_rediscover_host median   13.66 ms (p10 12.66, p90 14.75) | vs sdpa: x0.594 [p10 0.578, p90 0.602] faster in 100% of rounds
    flex_rediscover_compiled median    9.31 ms (p10 8.66, p90 9.54) | vs sdpa: x0.402 [p10 0.398, p90 0.403] faster in 100% of rounds
== e3b v2 start 21:07:27
{'N': 4096, 'documents': 4, 'declared_ms': 1.3865, 'declared_compiled_ms': 1.6176, 'declared_compiled_same_blocks': True, 'blockmask_construction_only_ms': 1.1037, 'rediscover_compiled_first_call_s': 2.2622, 'rediscover_compiled_ms': 0.9046, 'rediscover_eager_ms': 4.7042, 'same_partial_blocks': True, 'same_full_blocks': True, 'blocks_total': 528, 'blocks_partial': 67, 'blocks_full': 226, 'outputs_bitwise_equal': True, 'outputs_max_abs_diff': 0.0, 'flex_attention_fwd_ms': 1.3905, 'rediscover_compiled_share_of_attention_in_forward': 0.0181, 'declared_share_of_attention_in_forward': 0.0277, 'decl
{'N': 16384, 'documents': 16, 'declared_ms': 1.3634, 'declared_compiled_ms': 1.3988, 'declared_compiled_same_blocks': True, 'blockmask_construction_only_ms': 0.934, 'rediscover_compiled_first_call_s': 1.5937, 'rediscover_compiled_ms': 1.5909, 'rediscover_eager_ms': 19.4347, 'same_partial_blocks': True, 'same_full_blocks': True, 'blocks_total': 8256, 'blocks_partial': 307, 'blocks_full': 720, 'outputs_bitwise_equal': True, 'outputs_max_abs_diff': 0.0, 'flex_attention_fwd_ms': 4.3722, 'rediscover_compiled_share_of_attention_in_forward': 0.0101, 'declared_share_of_attention_in_forward': 0.0087, '
{'N': 32768, 'documents': 32, 'declared_ms': 1.3191, 'declared_compiled_ms': 1.2586, 'declared_compiled_same_blocks': True, 'blockmask_construction_only_ms': 0.9158, 'rediscover_compiled_first_call_s': 0.0053, 'rediscover_compiled_ms': 4.3829, 'same_partial_blocks': True, 'same_full_blocks': True, 'blocks_total': 32896, 'blocks_partial': 707, 'blocks_full': 1963, 'outputs_bitwise_equal': True, 'outputs_max_abs_diff': 0.0, 'flex_attention_fwd_ms': 11.0705, 'rediscover_compiled_share_of_attention_in_forward': 0.011, 'declared_share_of_attention_in_forward': 0.0033, 'declared_compiled_share_of_at
{'N': 65536, 'documents': 65, 'declared_ms': 1.3207, 'declared_compiled_ms': 1.3747, 'declared_compiled_same_blocks': True, 'blockmask_construction_only_ms': 0.9783, 'rediscover_compiled_first_call_s': 3.8277, 'rediscover_compiled_ms': 14.7942, 'same_partial_blocks': True, 'same_full_blocks': True, 'blocks_total': 131328, 'blocks_partial': 1465, 'blocks_full': 3551, 'outputs_bitwise_equal': True, 'outputs_max_abs_diff': 0.0, 'flex_attention_fwd_ms': 19.1834, 'rediscover_compiled_share_of_attention_in_forward': 0.0214, 'declared_share_of_attention_in_forward': 0.0019, 'declared_compiled_share_o
{'N': 131072, 'documents': 131, 'declared_ms': 2.8309, 'declared_compiled_ms': 1.8129, 'declared_compiled_same_blocks': True, 'blockmask_construction_only_ms': 1.2336, 'rediscover_compiled_first_call_s': 0.0604, 'rediscover_compiled_ms': 60.0702, 'same_partial_blocks': True, 'same_full_blocks': True, 'blocks_total': 524800, 'blocks_partial': 2925, 'blocks_full': 5238, 'outputs_bitwise_equal': True, 'outputs_max_abs_diff': 0.0, 'flex_attention_fwd_ms': 34.3997, 'rediscover_compiled_share_of_attention_in_forward': 0.0485, 'declared_share_of_attention_in_forward': 0.0023, 'declared_compiled_share
== e2 unbacked_shared start 21:07:47
unbacked_shared B=1: {"batch": 1, "first_step_ms": 66936.26, "steady_ms": 23.95, "steady_min_ms": 23.21, "steady_max_ms": 24.92, "compiles_during_batch": 1, "compile_s_during_batch": 60.33}
unbacked_shared B=4: {"batch": 4, "first_step_ms": 30.92, "steady_ms": 30.35, "steady_min_ms": 29.63, "steady_max_ms": 31.45, "compiles_during_batch": 0, "compile_s_during_batch": 0.0}
unbacked_shared B=8: {"batch": 8, "first_step_ms": 36.18, "steady_ms": 36.48, "steady_min_ms": 35.96, "steady_max_ms": 37.63, "compiles_during_batch": 0, "compile_s_during_batch": 0.0}
unbacked_shared B=2: {"batch": 2, "first_step_ms": 28.42, "steady_ms": 27.63, "steady_min_ms": 27.42, "steady_max_ms": 28.72, "compiles_during_batch": 0, "compile_s_during_batch": 0.0}
unbacked_shared: unique graphs 1 | compile_inner {'n': 1, 's': 60.332466997}
DONE extra 21:09:02
