W0922 17:22:24.048000 419 torch/utils/_pytree.py:630] <enum 'KernelPreference'> is an Enum subclass and is now natively supported by torch.compile as an opaque value type. Calling register_constant() on Enum subclasses is deprecated and will be an error in a future release.
W0922 17:22:24.072000 419 torch/utils/_pytree.py:630] <enum 'ScaleCalculationMode'> is an Enum subclass and is now natively supported by torch.compile as an opaque value type. Calling register_constant() on Enum subclasses is deprecated and will be an error in a future release.
Unable to import `torchao` Tensor objects. This may affect loading checkpoints serialized with `torchao`
/home/<user>/venvs/gpu/lib/python3.12/site-packages/huggingface_hub/utils/_validators.py:208: UserWarning: The `local_dir_use_symlinks` argument is deprecated and ignored in `hf_hub_download`. Downloading to a local directory does not use symlinks anymore.
  warnings.warn(
Warning: You are sending unauthenticated requests to the HF Hub. Please set a HF_TOKEN to enable higher rate limits and faster downloads.
UNet built from hub-config: 2.57B params, 9.1s
USDT:2026-09-22 17:22:37 419:419 SyncActivityProfilerHandler.cpp:39] profiler_start
USDT:2026-09-22 17:22:38 419:419 SyncActivityProfilerHandler.cpp:46] profiler_stop
{"label": "sdxl_unet/eager/B1", "workload": "sdxl_unet", "mode": "eager", "batch": 1, "latent": 128, "dtype": "fp16", "first_call_ms": 604.9208139999962, "step_ms_median": 129.39454399999306, "step_ms_min": 126.92502699999864, "step_ms_max": 131.24602599999946, "peak_mem_gib": 5.067033767700195, "dynamo_stats": {}, "status": "ok"}
USDT:2026-09-22 17:22:43 419:419 SyncActivityProfilerHandler.cpp:39] profiler_start
USDT:2026-09-22 17:22:43 419:419 SyncActivityProfilerHandler.cpp:46] profiler_stop
{"label": "sdxl_unet/eager/B2", "workload": "sdxl_unet", "mode": "eager", "batch": 2, "latent": 128, "dtype": "fp16", "first_call_ms": 260.9395550000073, "step_ms_median": 245.68771599999195, "step_ms_min": 244.48972599999763, "step_ms_max": 246.7551350000008, "peak_mem_gib": 5.2081990242004395, "dynamo_stats": {}, "status": "ok"}
W0922 17:23:09.782000 419 torch/_inductor/utils.py:1806] [0/0] Not enough SMs to use max_autotune_gemm mode
USDT:2026-09-22 17:23:50 419:419 SyncActivityProfilerHandler.cpp:39] profiler_start
USDT:2026-09-22 17:23:50 419:419 SyncActivityProfilerHandler.cpp:46] profiler_stop
{"label": "sdxl_unet/compile_default/B1", "workload": "sdxl_unet", "mode": "compile_default", "batch": 1, "latent": 128, "dtype": "fp16", "first_call_ms": 63612.62043299999, "step_ms_median": 123.26308900000527, "step_ms_min": 122.01271099999644, "step_ms_max": 124.39005200002384, "peak_mem_gib": 5.083682537078857, "dynamo_stats": {"calls_captured": 3616, "unique_graphs": 1}, "status": "ok"}
USDT:2026-09-22 17:25:25 419:419 SyncActivityProfilerHandler.cpp:39] profiler_start
USDT:2026-09-22 17:25:25 419:419 SyncActivityProfilerHandler.cpp:46] profiler_stop
{"label": "sdxl_unet/compile_default/B2", "workload": "sdxl_unet", "mode": "compile_default", "batch": 2, "latent": 128, "dtype": "fp16", "first_call_ms": 90601.265673, "step_ms_median": 220.22483300000317, "step_ms_min": 215.61920099998133, "step_ms_max": 221.29293399999028, "peak_mem_gib": 5.215738773345947, "dynamo_stats": {"calls_captured": 7232, "unique_graphs": 2}, "status": "ok"}
USDT:2026-09-22 17:26:23 419:419 SyncActivityProfilerHandler.cpp:39] profiler_start
USDT:2026-09-22 17:26:23 419:419 SyncActivityProfilerHandler.cpp:46] profiler_stop
{"label": "sdxl_unet/compile_graphs/B1", "workload": "sdxl_unet", "mode": "compile_graphs", "batch": 1, "latent": 128, "dtype": "fp16", "first_call_ms": 55287.20821600001, "step_ms_median": 113.86460200003512, "step_ms_min": 112.46435099997143, "step_ms_max": 119.00772600000664, "peak_mem_gib": 5.041992664337158, "dynamo_stats": {"calls_captured": 10848, "unique_graphs": 3}, "status": "ok"}
USDT:2026-09-22 17:27:51 419:419 SyncActivityProfilerHandler.cpp:39] profiler_start
USDT:2026-09-22 17:27:51 419:419 SyncActivityProfilerHandler.cpp:46] profiler_stop
{"label": "sdxl_unet/compile_graphs/B2", "workload": "sdxl_unet", "mode": "compile_graphs", "batch": 2, "latent": 128, "dtype": "fp16", "first_call_ms": 83368.65827600002, "step_ms_median": 224.67706200001203, "step_ms_min": 223.8717010000073, "step_ms_max": 225.4555899999673, "peak_mem_gib": 5.196207523345947, "dynamo_stats": {"calls_captured": 14464, "unique_graphs": 4}, "status": "ok"}
saved <workspace>/phase0/results/sdxl_unet.json
