huggingface/diffusers wrong 17 17
huggingface/diffusers incorrect 9 9
huggingface/diffusers "different output" 0 0
huggingface/diffusers "different results" 5 5
huggingface/diffusers mismatch 29 29
huggingface/diffusers corrupted 0 0
huggingface/diffusers garbage 0 0
huggingface/diffusers degraded 0 0
huggingface/diffusers quality 12 12
huggingface/diffusers inconsistent 7 7
huggingface/diffusers nan 12 12
huggingface/diffusers noise 15 15
huggingface/diffusers noisy 1 1
huggingface/diffusers artifacts 1 1
huggingface/diffusers "black image" 13 13
huggingface/diffusers blurry 1 1
huggingface/diffusers distorted 0 0
huggingface/diffusers "washed out" 0 0
Comfy-Org/ComfyUI wrong 20 20
Comfy-Org/ComfyUI incorrect 15 15
Comfy-Org/ComfyUI "different output" 1 1
Comfy-Org/ComfyUI "different results" 0 0
Comfy-Org/ComfyUI mismatch 20 20
Comfy-Org/ComfyUI corrupted 7 7
Comfy-Org/ComfyUI garbage 2 2
Comfy-Org/ComfyUI degraded 0 0
Comfy-Org/ComfyUI quality 13 13
Comfy-Org/ComfyUI inconsistent 4 4
Comfy-Org/ComfyUI nan 6 6
Comfy-Org/ComfyUI noise 25 25
Comfy-Org/ComfyUI noisy 6 6
Comfy-Org/ComfyUI artifacts 6 6
Comfy-Org/ComfyUI "black image" 15 15
Comfy-Org/ComfyUI blurry 5 5
Comfy-Org/ComfyUI distorted 1 1
Comfy-Org/ComfyUI "washed out" 0 0
candidates {'huggingface/diffusers': 117, 'Comfy-Org/ComfyUI': 139} sample 50
